2026-02-28 00:37:40,504 [INFO] Already logged in (session restored).
2026-02-28 00:37:40,504 [INFO] Watch mode — scanning /Approved every 30s
2026-02-28 00:38:10,508 [INFO] Processing: approved_20260228_003801_facebook_post_test_final.md
2026-02-28 00:38:10,521 [INFO] Post text (261 chars): AI Employee is live! 🚀

Building an autonomous AI system that manages social med...
2026-02-28 00:38:10,521 [INFO] Navigating to Facebook home...
2026-02-28 00:38:17,163 [INFO] Looking for post composer box...
2026-02-28 00:38:22,846 [INFO] Clicked composer: [aria-label='Create a post']
2026-02-28 00:38:24,909 [INFO] Finding text input area...
2026-02-28 00:38:24,960 [INFO] Found editor: div[contenteditable='true'][role='textbox']
2026-02-28 00:38:24,962 [INFO] Typing post text...
2026-02-28 00:38:35,664 [INFO] Clicking Post button...
2026-02-28 00:38:46,429 [INFO] Clicked post button: div[aria-label='Post'][role='button']
2026-02-28 00:38:50,434 [INFO] Post published successfully!
2026-02-28 00:38:50,437 [INFO] Archived to Done: fb_posted_20260228_003850_approved_20260228_003801_facebook_post_test_final.md
2026-02-28 00:38:50,440 [INFO] Published 1 post(s)
2026-02-28 00:43:50,459 [INFO] Processing: approved_20260228_004340_facebook_post_ai.md
2026-02-28 00:43:50,488 [INFO] Post text (475 chars): Redefining efficiency with Agentic AI! 💻⚡

Testing a new milestone today: My AI ...
2026-02-28 00:43:50,489 [INFO] Navigating to Facebook home...
2026-02-28 00:43:57,832 [INFO] Looking for post composer box...
2026-02-28 00:44:02,985 [INFO] Clicked composer: [aria-label='Create a post']
2026-02-28 00:44:05,023 [INFO] Finding text input area...
2026-02-28 00:44:05,064 [INFO] Found editor: div[contenteditable='true'][role='textbox']
2026-02-28 00:44:05,067 [INFO] Typing post text...
2026-02-28 00:44:23,626 [INFO] Clicking Post button...
2026-02-28 00:44:23,787 [INFO] Clicked post button: div[aria-label='Post'][role='button']
2026-02-28 00:44:27,817 [INFO] Post published successfully!
2026-02-28 00:44:27,833 [INFO] Archived to Done: fb_posted_20260228_004427_approved_20260228_004340_facebook_post_ai.md
2026-02-28 00:44:27,838 [INFO] Published 1 post(s)
2026-02-28 01:02:37,746 [INFO] Stopped by user.
