2026-03-07 00:39:54,316 [INFO] Already logged in (session restored).
2026-03-07 00:39:54,322 [INFO] Processing: facebook_post_ai_future.md
2026-03-07 00:39:54,325 [INFO] Image: D:\AI_Employee_Vault\Media\AI.jpg
2026-03-07 00:39:54,326 [INFO] Text (560 chars): The future satisfying is not about replacing humans — it's about empowering them...
2026-03-07 00:39:54,327 [INFO] Navigating to Facebook home...
2026-03-07 00:40:00,262 [INFO] Opening post composer...
2026-03-07 00:40:05,540 [INFO] Clicked composer: [aria-label='Create a post']
2026-03-07 00:40:10,557 [INFO] Uploading image FIRST: D:\AI_Employee_Vault\Media\AI.jpg
2026-03-07 00:40:10,601 [INFO] Image uploaded via image file input
2026-03-07 00:40:22,608 [INFO] Image upload done, dialog should be settled now
2026-03-07 00:40:22,609 [INFO] Finding textbox in active dialog...
2026-03-07 00:40:22,627 [INFO] Found textbox: div[contenteditable='true'][role='textbox'] (attempt 1)
2026-03-07 00:40:22,627 [INFO] Typing text into active dialog...
2026-03-07 00:40:27,673 [INFO] Click intercepted, using JS focus instead...
2026-03-07 00:40:48,850 [INFO] Text typed successfully
2026-03-07 00:40:48,850 [INFO] Clicking Post button...
2026-03-07 00:40:48,990 [INFO] Clicked Post: div[aria-label='Post'][role='button']
2026-03-07 00:40:53,999 [INFO] Post published successfully!
2026-03-07 00:40:54,007 [INFO] Archived to Done: fb_posted_20260307_004054_facebook_post_ai_future.md
2026-03-07 00:40:54,007 [INFO] Processing: facebook_post_ai_tech.md
2026-03-07 00:40:54,008 [INFO] Image: D:\AI_Employee_Vault\Media\images.jpg
2026-03-07 00:40:54,008 [INFO] Text (710 chars): 🚀 The Future of AI is Here!

Artificial Intelligence is no longer just a buzzwor...
2026-03-07 00:40:54,009 [INFO] Navigating to Facebook home...
2026-03-07 00:40:59,956 [INFO] Opening post composer...
2026-03-07 00:41:05,092 [INFO] Clicked composer: [aria-label='Create a post']
2026-03-07 00:41:10,099 [INFO] Uploading image FIRST: D:\AI_Employee_Vault\Media\images.jpg
2026-03-07 00:41:10,156 [INFO] Image uploaded via image file input
2026-03-07 00:41:22,163 [INFO] Image upload done, dialog should be settled now
2026-03-07 00:41:22,163 [INFO] Finding textbox in active dialog...
2026-03-07 00:41:22,185 [INFO] Found textbox: div[contenteditable='true'][role='textbox'] (attempt 1)
2026-03-07 00:41:22,186 [INFO] Typing text into active dialog...
2026-03-07 00:41:27,204 [INFO] Click intercepted, using JS focus instead...
2026-03-07 00:41:53,526 [INFO] Text typed successfully
2026-03-07 00:41:53,527 [INFO] Clicking Post button...
2026-03-07 00:41:53,687 [INFO] Clicked Post: div[aria-label='Post'][role='button']
2026-03-07 00:41:58,705 [INFO] Post published successfully!
2026-03-07 00:41:58,712 [INFO] Archived to Done: fb_posted_20260307_004158_facebook_post_ai_tech.md
2026-03-07 00:41:58,712 [INFO] Done. Published 2 post(s).
2026-03-07 00:41:59,019 [INFO] Session saved.
2026-03-07 01:50:13,182 [INFO] Already logged in (session restored).
2026-03-07 01:50:13,187 [INFO] Processing: facebook_post_test_fix.md
2026-03-07 01:50:13,195 [INFO] Image: D:\AI_Employee_Vault\Media\AI.jpg
2026-03-07 01:50:13,195 [INFO] Text (451 chars): AI is not just a tool — it's your unfair advantage in 2026.

While others are st...
2026-03-07 01:50:13,195 [INFO] Navigating to Facebook home...
2026-03-07 01:50:20,370 [INFO] Opening post composer...
2026-03-07 01:50:25,617 [INFO] Clicked composer: [aria-label='Create a post']
2026-03-07 01:50:30,636 [INFO] Uploading image FIRST: D:\AI_Employee_Vault\Media\AI.jpg
2026-03-07 01:50:30,686 [INFO] Image uploaded via image file input
2026-03-07 01:50:42,693 [INFO] Image upload done, dialog should be settled now
2026-03-07 01:50:42,694 [INFO] Dismissing any overlays before typing...
2026-03-07 01:50:44,721 [INFO] Finding textbox in active dialog...
2026-03-07 01:50:44,741 [INFO] Found textbox: [role='dialog'] div[contenteditable='true'][role='textbox'] (attempt 1)
2026-03-07 01:50:44,741 [INFO] Focusing textbox and typing text...
2026-03-07 01:50:46,310 [INFO] Textbox clicked with force
2026-03-07 01:50:52,849 [ERROR] Post error: Keyboard.type: Target page, context or browser has been closed
2026-03-07 01:50:54,224 [INFO] Session saved.
2026-03-07 03:13:45,786 [INFO] Already logged in (session restored).
2026-03-07 03:13:45,789 [INFO] Processing: facebook_post_test_fix.md
2026-03-07 03:13:45,793 [INFO] Image: D:\AI_Employee_Vault\Media\AI.jpg
2026-03-07 03:13:45,793 [INFO] Text (451 chars): AI is not just a tool — it's your unfair advantage in 2026.

While others are st...
2026-03-07 03:13:45,794 [INFO] Navigating to Facebook home...
2026-03-07 03:13:51,776 [INFO] Opening post composer...
2026-03-07 03:13:57,000 [INFO] Clicked composer: [aria-label='Create a post']
2026-03-07 03:14:02,011 [INFO] Uploading image FIRST: D:\AI_Employee_Vault\Media\AI.jpg
2026-03-07 03:14:02,063 [INFO] Image uploaded via image file input
2026-03-07 03:14:14,074 [INFO] Image upload done, dialog should be settled now
2026-03-07 03:14:14,074 [INFO] Finding the LAST (active) dialog...
2026-03-07 03:14:14,079 [INFO] Found 7 dialog(s) on page
2026-03-07 03:14:14,079 [INFO] Finding textbox in LAST dialog...
2026-03-07 03:14:14,110 [INFO] Found textbox: [role='dialog'] div[contenteditable='true'][role='textbox'] [last of 2] (attempt 1)
2026-03-07 03:14:14,111 [INFO] Focusing textbox in LAST dialog and typing text...
2026-03-07 03:14:15,696 [INFO] Textbox clicked with force (last dialog)
2026-03-07 03:14:40,151 [INFO] Text verified in LAST dialog (451 chars)
2026-03-07 03:14:40,151 [INFO] Clicking Post button in LAST dialog...
2026-03-07 03:14:40,357 [INFO] Clicked Post: div[aria-label='Post'][role='button'] [last of 2]
2026-03-07 03:14:45,361 [INFO] Post published successfully!
2026-03-07 03:14:45,370 [INFO] Archived to Done: fb_posted_20260307_031445_facebook_post_test_fix.md
2026-03-07 03:14:45,370 [INFO] Done. Published 1 post(s).
2026-03-07 03:14:45,719 [INFO] Session saved.
