2026-04-26 10:18:37,346 [INFO] Navigating to Facebook home...
2026-04-26 10:18:44,695 [INFO] Opening post composer...
2026-04-26 10:18:49,951 [INFO] Clicked composer: [aria-label='Create a post']
2026-04-26 10:18:54,968 [INFO] Uploading image FIRST: D:\AI_Employee_Vault\Media\uploads\Ai image.jpg
2026-04-26 10:18:55,025 [INFO] Image uploaded via image file input
2026-04-26 10:19:07,040 [INFO] Image upload done, dialog should be settled now
2026-04-26 10:19:07,041 [INFO] Finding the LAST (active) dialog...
2026-04-26 10:19:07,047 [INFO] Found 4 dialog(s) on page
2026-04-26 10:19:07,047 [INFO] Finding textbox in LAST dialog...
2026-04-26 10:19:07,063 [INFO] Found textbox: [role='dialog'] div[contenteditable='true'][role='textbox'] [last of 2] (attempt 1)
2026-04-26 10:19:07,067 [INFO] Focusing textbox in LAST dialog and typing text...
2026-04-26 10:19:08,710 [INFO] Textbox clicked with force (last dialog)
2026-04-26 10:19:39,502 [INFO] Text verified in LAST dialog (536 chars)
2026-04-26 10:19:39,502 [INFO] Clicking Post button in LAST dialog...
2026-04-26 10:19:41,800 [INFO] Clicked Post: div[aria-label='Post'][role='button'] [last of 2]
2026-04-26 10:19:46,810 [INFO] Post published successfully!
2026-04-26 10:19:47,050 [INFO] Session saved.
2026-04-26 10:22:07,618 [INFO] Navigating to Facebook home...
2026-04-26 10:22:15,944 [INFO] Opening post composer...
2026-04-26 10:22:21,305 [INFO] Clicked composer: [aria-label='Create a post']
2026-04-26 10:22:26,312 [INFO] Uploading image FIRST: D:\AI_Employee_Vault\Media\uploads\Ai image.jpg
2026-04-26 10:22:26,635 [INFO] Image uploaded via image file input
2026-04-26 10:22:38,649 [INFO] Image upload done, dialog should be settled now
2026-04-26 10:22:38,649 [INFO] Finding the LAST (active) dialog...
2026-04-26 10:22:38,655 [INFO] Found 4 dialog(s) on page
2026-04-26 10:22:38,656 [INFO] Finding textbox in LAST dialog...
2026-04-26 10:22:38,680 [INFO] Found textbox: [role='dialog'] div[contenteditable='true'][role='textbox'] [last of 2] (attempt 1)
2026-04-26 10:22:38,680 [INFO] Focusing textbox in LAST dialog and typing text...
2026-04-26 10:22:40,279 [INFO] Textbox clicked with force (last dialog)
2026-04-26 10:23:12,272 [INFO] Text verified in LAST dialog (528 chars)
2026-04-26 10:23:12,272 [INFO] Clicking Post button in LAST dialog...
2026-04-26 10:23:12,399 [INFO] Clicked Post: div[aria-label='Post'][role='button'] [last of 2]
2026-04-26 10:23:17,415 [INFO] Post published successfully!
2026-04-26 10:23:20,094 [INFO] Session saved.
2026-04-26 11:01:51,187 [INFO] Navigating to Facebook home...
2026-04-26 11:02:00,140 [INFO] Opening post composer...
2026-04-26 11:02:05,307 [INFO] Clicked composer: [aria-label='Create a post']
2026-04-26 11:02:10,316 [INFO] Uploading image FIRST: D:\AI_Employee_Vault\Media\uploads\Ai image.jpg
2026-04-26 11:02:10,403 [INFO] Image uploaded via image file input
2026-04-26 11:02:22,421 [INFO] Image upload done, dialog should be settled now
2026-04-26 11:02:22,422 [INFO] Finding the LAST (active) dialog...
2026-04-26 11:02:22,440 [INFO] Found 4 dialog(s) on page
2026-04-26 11:02:22,440 [INFO] Finding textbox in LAST dialog...
2026-04-26 11:02:22,471 [INFO] Found textbox: [role='dialog'] div[contenteditable='true'][role='textbox'] [last of 2] (attempt 1)
2026-04-26 11:02:22,471 [INFO] Focusing textbox in LAST dialog and typing text...
2026-04-26 11:02:24,101 [INFO] Textbox clicked with force (last dialog)
2026-04-26 11:02:56,570 [INFO] Text verified in LAST dialog (528 chars)
2026-04-26 11:02:56,570 [INFO] Clicking Post button in LAST dialog...
2026-04-26 11:02:56,806 [INFO] Clicked Post: div[aria-label='Post'][role='button'] [last of 2]
2026-04-26 11:03:01,815 [INFO] Post published successfully!
2026-04-26 11:03:02,218 [INFO] Session saved.
2026-04-26 11:13:36,569 [INFO] Navigating to Facebook home...
2026-04-26 11:13:46,994 [INFO] Opening post composer...
2026-04-26 11:13:53,907 [INFO] Clicked composer: [aria-label='Create a post']
2026-04-26 11:13:58,983 [INFO] Finding the LAST (active) dialog...
2026-04-26 11:13:59,103 [INFO] Found 2 dialog(s) on page
2026-04-26 11:13:59,103 [INFO] Finding textbox in LAST dialog...
2026-04-26 11:13:59,154 [INFO] Found textbox: [role='dialog'] div[contenteditable='true'][role='textbox'] [last of 1] (attempt 1)
2026-04-26 11:13:59,154 [INFO] Focusing textbox in LAST dialog and typing text...
2026-04-26 11:14:00,754 [INFO] Textbox clicked with force (last dialog)
2026-04-26 11:14:43,584 [INFO] Text verified in LAST dialog (529 chars)
2026-04-26 11:14:43,586 [INFO] Clicking Post button in LAST dialog...
2026-04-26 11:15:43,719 [ERROR] Could not find Post button
2026-04-26 11:15:45,505 [INFO] Session saved.
2026-04-26 11:20:10,501 [INFO] Navigating to Facebook home...
2026-04-26 11:20:20,301 [INFO] Opening post composer...
2026-04-26 11:20:25,677 [INFO] Clicked composer: [aria-label='Create a post']
2026-04-26 11:20:30,681 [INFO] Uploading image FIRST: D:\AI_Employee_Vault\Media\uploads\Ai image.jpg
2026-04-26 11:20:30,782 [INFO] Image uploaded via image file input
2026-04-26 11:20:42,795 [INFO] Image upload done, dialog should be settled now
2026-04-26 11:20:42,795 [INFO] Finding the LAST (active) dialog...
2026-04-26 11:20:42,803 [INFO] Found 4 dialog(s) on page
2026-04-26 11:20:42,803 [INFO] Finding textbox in LAST dialog...
2026-04-26 11:20:42,832 [INFO] Found textbox: [role='dialog'] div[contenteditable='true'][role='textbox'] [last of 2] (attempt 1)
2026-04-26 11:20:42,833 [INFO] Focusing textbox in LAST dialog and typing text...
2026-04-26 11:20:44,421 [INFO] Textbox clicked with force (last dialog)
2026-04-26 11:21:15,771 [INFO] Text verified in LAST dialog (528 chars)
2026-04-26 11:21:15,771 [INFO] Clicking Post button in LAST dialog...
2026-04-26 11:21:15,984 [INFO] Clicked Post: div[aria-label='Post'][role='button'] [last of 2]
2026-04-26 11:21:20,996 [INFO] Post published successfully!
2026-04-26 11:21:21,550 [INFO] Session saved.
