2026-03-04 03:19:05,477 [INFO] ============================================================
2026-03-04 03:19:05,479 [INFO] Gmail Watcher — IMAP IDLE mode (real-time, no polling)
2026-03-04 03:19:05,481 [INFO] Vault root: D:\AI_Employee_Vault
2026-03-04 03:19:05,482 [INFO] ============================================================
2026-03-04 03:19:08,754 [ERROR] Connection error: ('invalid_grant: Token has been expired or revoked.', {'error': 'invalid_grant', 'error_description': 'Token has been expired or revoked.'}) — reconnecting in 2 seconds...
2026-03-04 03:19:15,155 [ERROR] Connection error: ('invalid_grant: Token has been expired or revoked.', {'error': 'invalid_grant', 'error_description': 'Token has been expired or revoked.'}) — reconnecting in 2 seconds...
2026-03-04 03:19:20,080 [ERROR] Connection error: ('invalid_grant: Token has been expired or revoked.', {'error': 'invalid_grant', 'error_description': 'Token has been expired or revoked.'}) — reconnecting in 2 seconds...
2026-03-04 03:19:23,446 [ERROR] Connection error: ('invalid_grant: Token has been expired or revoked.', {'error': 'invalid_grant', 'error_description': 'Token has been expired or revoked.'}) — reconnecting in 2 seconds...
2026-03-04 03:19:27,719 [ERROR] Connection error: ('invalid_grant: Token has been expired or revoked.', {'error': 'invalid_grant', 'error_description': 'Token has been expired or revoked.'}) — reconnecting in 2 seconds...
2026-03-04 03:19:31,315 [ERROR] Connection error: ('invalid_grant: Token has been expired or revoked.', {'error': 'invalid_grant', 'error_description': 'Token has been expired or revoked.'}) — reconnecting in 2 seconds...
2026-03-04 03:19:35,454 [ERROR] Connection error: ('invalid_grant: Token has been expired or revoked.', {'error': 'invalid_grant', 'error_description': 'Token has been expired or revoked.'}) — reconnecting in 2 seconds...
2026-03-04 03:19:40,057 [ERROR] Connection error: ('invalid_grant: Token has been expired or revoked.', {'error': 'invalid_grant', 'error_description': 'Token has been expired or revoked.'}) — reconnecting in 2 seconds...
2026-03-04 03:19:43,705 [ERROR] Connection error: ('invalid_grant: Token has been expired or revoked.', {'error': 'invalid_grant', 'error_description': 'Token has been expired or revoked.'}) — reconnecting in 2 seconds...
2026-03-04 03:19:47,498 [ERROR] Connection error: ('invalid_grant: Token has been expired or revoked.', {'error': 'invalid_grant', 'error_description': 'Token has been expired or revoked.'}) — reconnecting in 2 seconds...
2026-03-04 03:19:51,072 [ERROR] Connection error: ('invalid_grant: Token has been expired or revoked.', {'error': 'invalid_grant', 'error_description': 'Token has been expired or revoked.'}) — reconnecting in 2 seconds...
2026-03-04 03:19:55,205 [ERROR] Connection error: ('invalid_grant: Token has been expired or revoked.', {'error': 'invalid_grant', 'error_description': 'Token has been expired or revoked.'}) — reconnecting in 2 seconds...
2026-03-04 03:19:59,839 [ERROR] Connection error: ('invalid_grant: Token has been expired or revoked.', {'error': 'invalid_grant', 'error_description': 'Token has been expired or revoked.'}) — reconnecting in 2 seconds...
2026-03-04 03:20:04,000 [ERROR] Connection error: ('invalid_grant: Token has been expired or revoked.', {'error': 'invalid_grant', 'error_description': 'Token has been expired or revoked.'}) — reconnecting in 2 seconds...
2026-03-04 03:20:07,555 [ERROR] Connection error: ('invalid_grant: Token has been expired or revoked.', {'error': 'invalid_grant', 'error_description': 'Token has been expired or revoked.'}) — reconnecting in 2 seconds...
2026-03-04 03:20:10,830 [ERROR] Connection error: ('invalid_grant: Token has been expired or revoked.', {'error': 'invalid_grant', 'error_description': 'Token has been expired or revoked.'}) — reconnecting in 2 seconds...
2026-03-04 03:20:14,172 [ERROR] Connection error: ('invalid_grant: Token has been expired or revoked.', {'error': 'invalid_grant', 'error_description': 'Token has been expired or revoked.'}) — reconnecting in 2 seconds...
2026-03-04 03:20:17,497 [ERROR] Connection error: ('invalid_grant: Token has been expired or revoked.', {'error': 'invalid_grant', 'error_description': 'Token has been expired or revoked.'}) — reconnecting in 2 seconds...
2026-03-04 03:20:20,774 [ERROR] Connection error: ('invalid_grant: Token has been expired or revoked.', {'error': 'invalid_grant', 'error_description': 'Token has been expired or revoked.'}) — reconnecting in 2 seconds...
2026-03-04 03:20:24,177 [ERROR] Connection error: ('invalid_grant: Token has been expired or revoked.', {'error': 'invalid_grant', 'error_description': 'Token has been expired or revoked.'}) — reconnecting in 2 seconds...
2026-03-04 03:20:27,841 [ERROR] Connection error: ('invalid_grant: Token has been expired or revoked.', {'error': 'invalid_grant', 'error_description': 'Token has been expired or revoked.'}) — reconnecting in 2 seconds...
2026-03-04 03:20:31,192 [ERROR] Connection error: ('invalid_grant: Token has been expired or revoked.', {'error': 'invalid_grant', 'error_description': 'Token has been expired or revoked.'}) — reconnecting in 2 seconds...
2026-03-04 03:20:34,533 [ERROR] Connection error: ('invalid_grant: Token has been expired or revoked.', {'error': 'invalid_grant', 'error_description': 'Token has been expired or revoked.'}) — reconnecting in 2 seconds...
2026-03-04 03:20:38,763 [ERROR] Connection error: ('invalid_grant: Token has been expired or revoked.', {'error': 'invalid_grant', 'error_description': 'Token has been expired or revoked.'}) — reconnecting in 2 seconds...
2026-03-04 03:20:42,147 [ERROR] Connection error: ('invalid_grant: Token has been expired or revoked.', {'error': 'invalid_grant', 'error_description': 'Token has been expired or revoked.'}) — reconnecting in 2 seconds...
2026-03-04 03:20:46,177 [ERROR] Connection error: ('invalid_grant: Token has been expired or revoked.', {'error': 'invalid_grant', 'error_description': 'Token has been expired or revoked.'}) — reconnecting in 2 seconds...
2026-03-04 03:20:50,271 [ERROR] Connection error: ('invalid_grant: Token has been expired or revoked.', {'error': 'invalid_grant', 'error_description': 'Token has been expired or revoked.'}) — reconnecting in 2 seconds...
2026-03-04 03:20:54,237 [ERROR] Connection error: ('invalid_grant: Token has been expired or revoked.', {'error': 'invalid_grant', 'error_description': 'Token has been expired or revoked.'}) — reconnecting in 2 seconds...
2026-03-04 03:20:58,682 [ERROR] Connection error: ('invalid_grant: Token has been expired or revoked.', {'error': 'invalid_grant', 'error_description': 'Token has been expired or revoked.'}) — reconnecting in 2 seconds...
2026-03-04 03:21:02,778 [ERROR] Connection error: ('invalid_grant: Token has been expired or revoked.', {'error': 'invalid_grant', 'error_description': 'Token has been expired or revoked.'}) — reconnecting in 2 seconds...
2026-03-04 03:21:07,275 [ERROR] Connection error: ('invalid_grant: Token has been expired or revoked.', {'error': 'invalid_grant', 'error_description': 'Token has been expired or revoked.'}) — reconnecting in 2 seconds...
2026-03-04 03:21:11,026 [ERROR] Connection error: ('invalid_grant: Token has been expired or revoked.', {'error': 'invalid_grant', 'error_description': 'Token has been expired or revoked.'}) — reconnecting in 2 seconds...
2026-03-04 03:21:16,114 [ERROR] Connection error: ('invalid_grant: Token has been expired or revoked.', {'error': 'invalid_grant', 'error_description': 'Token has been expired or revoked.'}) — reconnecting in 2 seconds...
2026-03-04 03:21:20,544 [ERROR] Connection error: ('invalid_grant: Token has been expired or revoked.', {'error': 'invalid_grant', 'error_description': 'Token has been expired or revoked.'}) — reconnecting in 2 seconds...
2026-03-04 03:21:23,810 [ERROR] Connection error: ('invalid_grant: Token has been expired or revoked.', {'error': 'invalid_grant', 'error_description': 'Token has been expired or revoked.'}) — reconnecting in 2 seconds...
2026-03-04 03:21:27,054 [ERROR] Connection error: ('invalid_grant: Token has been expired or revoked.', {'error': 'invalid_grant', 'error_description': 'Token has been expired or revoked.'}) — reconnecting in 2 seconds...
2026-03-04 03:21:30,378 [ERROR] Connection error: ('invalid_grant: Token has been expired or revoked.', {'error': 'invalid_grant', 'error_description': 'Token has been expired or revoked.'}) — reconnecting in 2 seconds...
2026-03-04 03:21:34,099 [ERROR] Connection error: ('invalid_grant: Token has been expired or revoked.', {'error': 'invalid_grant', 'error_description': 'Token has been expired or revoked.'}) — reconnecting in 2 seconds...
2026-03-04 03:21:37,834 [ERROR] Connection error: ('invalid_grant: Token has been expired or revoked.', {'error': 'invalid_grant', 'error_description': 'Token has been expired or revoked.'}) — reconnecting in 2 seconds...
2026-03-04 03:21:42,108 [ERROR] Connection error: ('invalid_grant: Token has been expired or revoked.', {'error': 'invalid_grant', 'error_description': 'Token has been expired or revoked.'}) — reconnecting in 2 seconds...
2026-03-04 03:21:45,718 [ERROR] Connection error: ('invalid_grant: Token has been expired or revoked.', {'error': 'invalid_grant', 'error_description': 'Token has been expired or revoked.'}) — reconnecting in 2 seconds...
2026-03-04 03:21:50,725 [ERROR] Connection error: ('invalid_grant: Token has been expired or revoked.', {'error': 'invalid_grant', 'error_description': 'Token has been expired or revoked.'}) — reconnecting in 2 seconds...
2026-03-04 03:21:55,581 [ERROR] Connection error: ('invalid_grant: Token has been expired or revoked.', {'error': 'invalid_grant', 'error_description': 'Token has been expired or revoked.'}) — reconnecting in 2 seconds...
2026-03-04 03:21:59,719 [ERROR] Connection error: ('invalid_grant: Token has been expired or revoked.', {'error': 'invalid_grant', 'error_description': 'Token has been expired or revoked.'}) — reconnecting in 2 seconds...
2026-03-04 03:22:04,129 [ERROR] Connection error: ('invalid_grant: Token has been expired or revoked.', {'error': 'invalid_grant', 'error_description': 'Token has been expired or revoked.'}) — reconnecting in 2 seconds...
2026-03-04 03:22:08,533 [ERROR] Connection error: ('invalid_grant: Token has been expired or revoked.', {'error': 'invalid_grant', 'error_description': 'Token has been expired or revoked.'}) — reconnecting in 2 seconds...
2026-03-04 03:22:11,895 [ERROR] Connection error: ('invalid_grant: Token has been expired or revoked.', {'error': 'invalid_grant', 'error_description': 'Token has been expired or revoked.'}) — reconnecting in 2 seconds...
2026-03-04 03:22:15,136 [ERROR] Connection error: ('invalid_grant: Token has been expired or revoked.', {'error': 'invalid_grant', 'error_description': 'Token has been expired or revoked.'}) — reconnecting in 2 seconds...
2026-03-04 03:22:19,179 [ERROR] Connection error: ('invalid_grant: Token has been expired or revoked.', {'error': 'invalid_grant', 'error_description': 'Token has been expired or revoked.'}) — reconnecting in 2 seconds...
2026-03-04 03:22:23,117 [ERROR] Connection error: ('invalid_grant: Token has been expired or revoked.', {'error': 'invalid_grant', 'error_description': 'Token has been expired or revoked.'}) — reconnecting in 2 seconds...
2026-03-04 03:22:26,461 [ERROR] Connection error: ('invalid_grant: Token has been expired or revoked.', {'error': 'invalid_grant', 'error_description': 'Token has been expired or revoked.'}) — reconnecting in 2 seconds...
2026-03-04 03:22:29,790 [ERROR] Connection error: ('invalid_grant: Token has been expired or revoked.', {'error': 'invalid_grant', 'error_description': 'Token has been expired or revoked.'}) — reconnecting in 2 seconds...
2026-03-04 03:22:33,218 [ERROR] Connection error: ('invalid_grant: Token has been expired or revoked.', {'error': 'invalid_grant', 'error_description': 'Token has been expired or revoked.'}) — reconnecting in 2 seconds...
2026-03-04 03:22:36,750 [ERROR] Connection error: ('invalid_grant: Token has been expired or revoked.', {'error': 'invalid_grant', 'error_description': 'Token has been expired or revoked.'}) — reconnecting in 2 seconds...
2026-03-04 03:22:40,628 [ERROR] Connection error: ('invalid_grant: Token has been expired or revoked.', {'error': 'invalid_grant', 'error_description': 'Token has been expired or revoked.'}) — reconnecting in 2 seconds...
2026-03-04 03:22:44,072 [ERROR] Connection error: ('invalid_grant: Token has been expired or revoked.', {'error': 'invalid_grant', 'error_description': 'Token has been expired or revoked.'}) — reconnecting in 2 seconds...
2026-03-04 03:22:47,376 [ERROR] Connection error: ('invalid_grant: Token has been expired or revoked.', {'error': 'invalid_grant', 'error_description': 'Token has been expired or revoked.'}) — reconnecting in 2 seconds...
2026-03-04 03:22:51,777 [ERROR] Connection error: ('invalid_grant: Token has been expired or revoked.', {'error': 'invalid_grant', 'error_description': 'Token has been expired or revoked.'}) — reconnecting in 2 seconds...
2026-03-04 03:22:55,867 [ERROR] Connection error: ('invalid_grant: Token has been expired or revoked.', {'error': 'invalid_grant', 'error_description': 'Token has been expired or revoked.'}) — reconnecting in 2 seconds...
2026-03-04 03:22:59,621 [ERROR] Connection error: ('invalid_grant: Token has been expired or revoked.', {'error': 'invalid_grant', 'error_description': 'Token has been expired or revoked.'}) — reconnecting in 2 seconds...
2026-03-04 03:23:03,218 [ERROR] Connection error: ('invalid_grant: Token has been expired or revoked.', {'error': 'invalid_grant', 'error_description': 'Token has been expired or revoked.'}) — reconnecting in 2 seconds...
2026-03-04 03:23:06,757 [ERROR] Connection error: ('invalid_grant: Token has been expired or revoked.', {'error': 'invalid_grant', 'error_description': 'Token has been expired or revoked.'}) — reconnecting in 2 seconds...
2026-03-04 03:23:10,102 [ERROR] Connection error: ('invalid_grant: Token has been expired or revoked.', {'error': 'invalid_grant', 'error_description': 'Token has been expired or revoked.'}) — reconnecting in 2 seconds...
2026-03-04 03:23:13,973 [ERROR] Connection error: ('invalid_grant: Token has been expired or revoked.', {'error': 'invalid_grant', 'error_description': 'Token has been expired or revoked.'}) — reconnecting in 2 seconds...
2026-03-04 03:23:17,647 [ERROR] Connection error: ('invalid_grant: Token has been expired or revoked.', {'error': 'invalid_grant', 'error_description': 'Token has been expired or revoked.'}) — reconnecting in 2 seconds...
2026-03-04 03:23:21,028 [ERROR] Connection error: ('invalid_grant: Token has been expired or revoked.', {'error': 'invalid_grant', 'error_description': 'Token has been expired or revoked.'}) — reconnecting in 2 seconds...
2026-03-04 03:23:24,861 [ERROR] Connection error: ('invalid_grant: Token has been expired or revoked.', {'error': 'invalid_grant', 'error_description': 'Token has been expired or revoked.'}) — reconnecting in 2 seconds...
2026-03-04 03:23:28,548 [ERROR] Connection error: ('invalid_grant: Token has been expired or revoked.', {'error': 'invalid_grant', 'error_description': 'Token has been expired or revoked.'}) — reconnecting in 2 seconds...
2026-03-04 03:23:32,132 [ERROR] Connection error: ('invalid_grant: Token has been expired or revoked.', {'error': 'invalid_grant', 'error_description': 'Token has been expired or revoked.'}) — reconnecting in 2 seconds...
2026-03-04 03:23:36,109 [ERROR] Connection error: ('invalid_grant: Token has been expired or revoked.', {'error': 'invalid_grant', 'error_description': 'Token has been expired or revoked.'}) — reconnecting in 2 seconds...
2026-03-04 03:23:40,479 [ERROR] Connection error: ('invalid_grant: Token has been expired or revoked.', {'error': 'invalid_grant', 'error_description': 'Token has been expired or revoked.'}) — reconnecting in 2 seconds...
2026-03-04 03:23:44,252 [ERROR] Connection error: ('invalid_grant: Token has been expired or revoked.', {'error': 'invalid_grant', 'error_description': 'Token has been expired or revoked.'}) — reconnecting in 2 seconds...
2026-03-04 03:23:47,978 [ERROR] Connection error: ('invalid_grant: Token has been expired or revoked.', {'error': 'invalid_grant', 'error_description': 'Token has been expired or revoked.'}) — reconnecting in 2 seconds...
2026-03-04 03:23:52,308 [ERROR] Connection error: ('invalid_grant: Token has been expired or revoked.', {'error': 'invalid_grant', 'error_description': 'Token has been expired or revoked.'}) — reconnecting in 2 seconds...
2026-03-04 03:23:56,358 [ERROR] Connection error: ('invalid_grant: Token has been expired or revoked.', {'error': 'invalid_grant', 'error_description': 'Token has been expired or revoked.'}) — reconnecting in 2 seconds...
2026-03-04 03:24:00,206 [ERROR] Connection error: ('invalid_grant: Token has been expired or revoked.', {'error': 'invalid_grant', 'error_description': 'Token has been expired or revoked.'}) — reconnecting in 2 seconds...
2026-03-04 03:24:03,565 [ERROR] Connection error: ('invalid_grant: Token has been expired or revoked.', {'error': 'invalid_grant', 'error_description': 'Token has been expired or revoked.'}) — reconnecting in 2 seconds...
2026-03-04 03:24:07,716 [ERROR] Connection error: ('invalid_grant: Token has been expired or revoked.', {'error': 'invalid_grant', 'error_description': 'Token has been expired or revoked.'}) — reconnecting in 2 seconds...
2026-03-04 03:24:11,957 [ERROR] Connection error: ('invalid_grant: Token has been expired or revoked.', {'error': 'invalid_grant', 'error_description': 'Token has been expired or revoked.'}) — reconnecting in 2 seconds...
2026-03-04 03:24:16,734 [ERROR] Connection error: ('invalid_grant: Token has been expired or revoked.', {'error': 'invalid_grant', 'error_description': 'Token has been expired or revoked.'}) — reconnecting in 2 seconds...
2026-03-04 03:24:20,746 [ERROR] Connection error: ('invalid_grant: Token has been expired or revoked.', {'error': 'invalid_grant', 'error_description': 'Token has been expired or revoked.'}) — reconnecting in 2 seconds...
2026-03-04 03:24:23,929 [ERROR] Connection error: ('invalid_grant: Token has been expired or revoked.', {'error': 'invalid_grant', 'error_description': 'Token has been expired or revoked.'}) — reconnecting in 2 seconds...
2026-03-04 03:24:27,123 [ERROR] Connection error: ('invalid_grant: Token has been expired or revoked.', {'error': 'invalid_grant', 'error_description': 'Token has been expired or revoked.'}) — reconnecting in 2 seconds...
2026-03-04 03:24:30,308 [ERROR] Connection error: ('invalid_grant: Token has been expired or revoked.', {'error': 'invalid_grant', 'error_description': 'Token has been expired or revoked.'}) — reconnecting in 2 seconds...
2026-03-04 03:24:33,444 [ERROR] Connection error: ('invalid_grant: Token has been expired or revoked.', {'error': 'invalid_grant', 'error_description': 'Token has been expired or revoked.'}) — reconnecting in 2 seconds...
2026-03-04 03:24:37,246 [ERROR] Connection error: ('invalid_grant: Token has been expired or revoked.', {'error': 'invalid_grant', 'error_description': 'Token has been expired or revoked.'}) — reconnecting in 2 seconds...
2026-03-04 03:24:40,517 [ERROR] Connection error: ('invalid_grant: Token has been expired or revoked.', {'error': 'invalid_grant', 'error_description': 'Token has been expired or revoked.'}) — reconnecting in 2 seconds...
2026-03-04 03:24:44,040 [ERROR] Connection error: ('invalid_grant: Token has been expired or revoked.', {'error': 'invalid_grant', 'error_description': 'Token has been expired or revoked.'}) — reconnecting in 2 seconds...
2026-03-04 03:24:47,196 [ERROR] Connection error: ('invalid_grant: Token has been expired or revoked.', {'error': 'invalid_grant', 'error_description': 'Token has been expired or revoked.'}) — reconnecting in 2 seconds...
2026-03-04 03:24:50,333 [ERROR] Connection error: ('invalid_grant: Token has been expired or revoked.', {'error': 'invalid_grant', 'error_description': 'Token has been expired or revoked.'}) — reconnecting in 2 seconds...
2026-03-04 03:24:53,624 [ERROR] Connection error: ('invalid_grant: Token has been expired or revoked.', {'error': 'invalid_grant', 'error_description': 'Token has been expired or revoked.'}) — reconnecting in 2 seconds...
2026-03-04 03:24:56,805 [ERROR] Connection error: ('invalid_grant: Token has been expired or revoked.', {'error': 'invalid_grant', 'error_description': 'Token has been expired or revoked.'}) — reconnecting in 2 seconds...
2026-03-04 03:24:59,975 [ERROR] Connection error: ('invalid_grant: Token has been expired or revoked.', {'error': 'invalid_grant', 'error_description': 'Token has been expired or revoked.'}) — reconnecting in 2 seconds...
2026-03-04 03:25:03,124 [ERROR] Connection error: ('invalid_grant: Token has been expired or revoked.', {'error': 'invalid_grant', 'error_description': 'Token has been expired or revoked.'}) — reconnecting in 2 seconds...
2026-03-04 03:25:06,329 [ERROR] Connection error: ('invalid_grant: Token has been expired or revoked.', {'error': 'invalid_grant', 'error_description': 'Token has been expired or revoked.'}) — reconnecting in 2 seconds...
2026-03-04 03:25:09,528 [ERROR] Connection error: ('invalid_grant: Token has been expired or revoked.', {'error': 'invalid_grant', 'error_description': 'Token has been expired or revoked.'}) — reconnecting in 2 seconds...
2026-03-04 03:25:12,662 [ERROR] Connection error: ('invalid_grant: Token has been expired or revoked.', {'error': 'invalid_grant', 'error_description': 'Token has been expired or revoked.'}) — reconnecting in 2 seconds...
2026-03-04 03:25:15,883 [ERROR] Connection error: ('invalid_grant: Token has been expired or revoked.', {'error': 'invalid_grant', 'error_description': 'Token has been expired or revoked.'}) — reconnecting in 2 seconds...
2026-03-04 03:25:19,017 [ERROR] Connection error: ('invalid_grant: Token has been expired or revoked.', {'error': 'invalid_grant', 'error_description': 'Token has been expired or revoked.'}) — reconnecting in 2 seconds...
2026-03-04 03:25:22,196 [ERROR] Connection error: ('invalid_grant: Token has been expired or revoked.', {'error': 'invalid_grant', 'error_description': 'Token has been expired or revoked.'}) — reconnecting in 2 seconds...
2026-03-04 03:25:25,390 [ERROR] Connection error: ('invalid_grant: Token has been expired or revoked.', {'error': 'invalid_grant', 'error_description': 'Token has been expired or revoked.'}) — reconnecting in 2 seconds...
2026-03-04 03:25:28,544 [ERROR] Connection error: ('invalid_grant: Token has been expired or revoked.', {'error': 'invalid_grant', 'error_description': 'Token has been expired or revoked.'}) — reconnecting in 2 seconds...
2026-03-04 03:25:31,870 [ERROR] Connection error: ('invalid_grant: Token has been expired or revoked.', {'error': 'invalid_grant', 'error_description': 'Token has been expired or revoked.'}) — reconnecting in 2 seconds...
2026-03-04 03:25:35,080 [ERROR] Connection error: ('invalid_grant: Token has been expired or revoked.', {'error': 'invalid_grant', 'error_description': 'Token has been expired or revoked.'}) — reconnecting in 2 seconds...
2026-03-04 03:25:38,255 [ERROR] Connection error: ('invalid_grant: Token has been expired or revoked.', {'error': 'invalid_grant', 'error_description': 'Token has been expired or revoked.'}) — reconnecting in 2 seconds...
2026-03-04 03:25:41,406 [ERROR] Connection error: ('invalid_grant: Token has been expired or revoked.', {'error': 'invalid_grant', 'error_description': 'Token has been expired or revoked.'}) — reconnecting in 2 seconds...
2026-03-04 03:25:44,532 [ERROR] Connection error: ('invalid_grant: Token has been expired or revoked.', {'error': 'invalid_grant', 'error_description': 'Token has been expired or revoked.'}) — reconnecting in 2 seconds...
2026-03-04 03:25:47,702 [ERROR] Connection error: ('invalid_grant: Token has been expired or revoked.', {'error': 'invalid_grant', 'error_description': 'Token has been expired or revoked.'}) — reconnecting in 2 seconds...
2026-03-04 03:25:50,825 [ERROR] Connection error: ('invalid_grant: Token has been expired or revoked.', {'error': 'invalid_grant', 'error_description': 'Token has been expired or revoked.'}) — reconnecting in 2 seconds...
2026-03-04 03:25:54,253 [ERROR] Connection error: ('invalid_grant: Token has been expired or revoked.', {'error': 'invalid_grant', 'error_description': 'Token has been expired or revoked.'}) — reconnecting in 2 seconds...
2026-03-04 03:25:57,711 [ERROR] Connection error: ('invalid_grant: Token has been expired or revoked.', {'error': 'invalid_grant', 'error_description': 'Token has been expired or revoked.'}) — reconnecting in 2 seconds...
2026-03-04 03:26:00,843 [ERROR] Connection error: ('invalid_grant: Token has been expired or revoked.', {'error': 'invalid_grant', 'error_description': 'Token has been expired or revoked.'}) — reconnecting in 2 seconds...
2026-03-04 03:26:04,248 [ERROR] Connection error: ('invalid_grant: Token has been expired or revoked.', {'error': 'invalid_grant', 'error_description': 'Token has been expired or revoked.'}) — reconnecting in 2 seconds...
2026-03-04 03:26:07,510 [ERROR] Connection error: ('invalid_grant: Token has been expired or revoked.', {'error': 'invalid_grant', 'error_description': 'Token has been expired or revoked.'}) — reconnecting in 2 seconds...
2026-03-04 03:26:10,653 [ERROR] Connection error: ('invalid_grant: Token has been expired or revoked.', {'error': 'invalid_grant', 'error_description': 'Token has been expired or revoked.'}) — reconnecting in 2 seconds...
2026-03-04 03:26:13,824 [ERROR] Connection error: ('invalid_grant: Token has been expired or revoked.', {'error': 'invalid_grant', 'error_description': 'Token has been expired or revoked.'}) — reconnecting in 2 seconds...
2026-03-04 03:26:16,935 [ERROR] Connection error: ('invalid_grant: Token has been expired or revoked.', {'error': 'invalid_grant', 'error_description': 'Token has been expired or revoked.'}) — reconnecting in 2 seconds...
2026-03-04 03:26:20,475 [ERROR] Connection error: ('invalid_grant: Token has been expired or revoked.', {'error': 'invalid_grant', 'error_description': 'Token has been expired or revoked.'}) — reconnecting in 2 seconds...
2026-03-04 03:26:24,454 [ERROR] Connection error: ('invalid_grant: Token has been expired or revoked.', {'error': 'invalid_grant', 'error_description': 'Token has been expired or revoked.'}) — reconnecting in 2 seconds...
2026-03-04 03:26:27,520 [ERROR] Connection error: ('invalid_grant: Token has been expired or revoked.', {'error': 'invalid_grant', 'error_description': 'Token has been expired or revoked.'}) — reconnecting in 2 seconds...
2026-03-04 03:26:30,595 [ERROR] Connection error: ('invalid_grant: Token has been expired or revoked.', {'error': 'invalid_grant', 'error_description': 'Token has been expired or revoked.'}) — reconnecting in 2 seconds...
2026-03-04 03:26:33,701 [ERROR] Connection error: ('invalid_grant: Token has been expired or revoked.', {'error': 'invalid_grant', 'error_description': 'Token has been expired or revoked.'}) — reconnecting in 2 seconds...
2026-03-04 03:26:36,962 [ERROR] Connection error: ('invalid_grant: Token has been expired or revoked.', {'error': 'invalid_grant', 'error_description': 'Token has been expired or revoked.'}) — reconnecting in 2 seconds...
2026-03-04 03:26:40,143 [ERROR] Connection error: ('invalid_grant: Token has been expired or revoked.', {'error': 'invalid_grant', 'error_description': 'Token has been expired or revoked.'}) — reconnecting in 2 seconds...
2026-03-04 03:26:43,327 [ERROR] Connection error: ('invalid_grant: Token has been expired or revoked.', {'error': 'invalid_grant', 'error_description': 'Token has been expired or revoked.'}) — reconnecting in 2 seconds...
2026-03-04 03:26:46,947 [ERROR] Connection error: ('invalid_grant: Token has been expired or revoked.', {'error': 'invalid_grant', 'error_description': 'Token has been expired or revoked.'}) — reconnecting in 2 seconds...
2026-03-04 03:26:50,267 [ERROR] Connection error: ('invalid_grant: Token has been expired or revoked.', {'error': 'invalid_grant', 'error_description': 'Token has been expired or revoked.'}) — reconnecting in 2 seconds...
2026-03-04 03:26:53,387 [ERROR] Connection error: ('invalid_grant: Token has been expired or revoked.', {'error': 'invalid_grant', 'error_description': 'Token has been expired or revoked.'}) — reconnecting in 2 seconds...
2026-03-04 03:26:56,512 [ERROR] Connection error: ('invalid_grant: Token has been expired or revoked.', {'error': 'invalid_grant', 'error_description': 'Token has been expired or revoked.'}) — reconnecting in 2 seconds...
2026-03-04 03:26:59,693 [ERROR] Connection error: ('invalid_grant: Token has been expired or revoked.', {'error': 'invalid_grant', 'error_description': 'Token has been expired or revoked.'}) — reconnecting in 2 seconds...
2026-03-04 03:27:02,926 [ERROR] Connection error: ('invalid_grant: Token has been expired or revoked.', {'error': 'invalid_grant', 'error_description': 'Token has been expired or revoked.'}) — reconnecting in 2 seconds...
2026-03-04 03:27:05,914 [ERROR] Connection error: ('invalid_grant: Token has been expired or revoked.', {'error': 'invalid_grant', 'error_description': 'Token has been expired or revoked.'}) — reconnecting in 2 seconds...
2026-03-04 03:27:08,864 [ERROR] Connection error: ('invalid_grant: Token has been expired or revoked.', {'error': 'invalid_grant', 'error_description': 'Token has been expired or revoked.'}) — reconnecting in 2 seconds...
2026-03-04 03:27:12,059 [ERROR] Connection error: ('invalid_grant: Token has been expired or revoked.', {'error': 'invalid_grant', 'error_description': 'Token has been expired or revoked.'}) — reconnecting in 2 seconds...
2026-03-04 03:27:15,104 [ERROR] Connection error: ('invalid_grant: Token has been expired or revoked.', {'error': 'invalid_grant', 'error_description': 'Token has been expired or revoked.'}) — reconnecting in 2 seconds...
2026-03-04 03:27:18,071 [ERROR] Connection error: ('invalid_grant: Token has been expired or revoked.', {'error': 'invalid_grant', 'error_description': 'Token has been expired or revoked.'}) — reconnecting in 2 seconds...
2026-03-04 03:27:21,535 [ERROR] Connection error: ('invalid_grant: Token has been expired or revoked.', {'error': 'invalid_grant', 'error_description': 'Token has been expired or revoked.'}) — reconnecting in 2 seconds...
2026-03-04 03:27:24,545 [ERROR] Connection error: ('invalid_grant: Token has been expired or revoked.', {'error': 'invalid_grant', 'error_description': 'Token has been expired or revoked.'}) — reconnecting in 2 seconds...
2026-03-04 03:27:27,710 [ERROR] Connection error: ('invalid_grant: Token has been expired or revoked.', {'error': 'invalid_grant', 'error_description': 'Token has been expired or revoked.'}) — reconnecting in 2 seconds...
2026-03-04 03:27:30,641 [ERROR] Connection error: ('invalid_grant: Token has been expired or revoked.', {'error': 'invalid_grant', 'error_description': 'Token has been expired or revoked.'}) — reconnecting in 2 seconds...
2026-03-04 03:27:33,698 [ERROR] Connection error: ('invalid_grant: Token has been expired or revoked.', {'error': 'invalid_grant', 'error_description': 'Token has been expired or revoked.'}) — reconnecting in 2 seconds...
2026-03-04 03:27:36,876 [ERROR] Connection error: ('invalid_grant: Token has been expired or revoked.', {'error': 'invalid_grant', 'error_description': 'Token has been expired or revoked.'}) — reconnecting in 2 seconds...
2026-03-04 03:27:39,930 [ERROR] Connection error: ('invalid_grant: Token has been expired or revoked.', {'error': 'invalid_grant', 'error_description': 'Token has been expired or revoked.'}) — reconnecting in 2 seconds...
2026-03-04 03:27:43,090 [ERROR] Connection error: ('invalid_grant: Token has been expired or revoked.', {'error': 'invalid_grant', 'error_description': 'Token has been expired or revoked.'}) — reconnecting in 2 seconds...
2026-03-04 03:27:46,699 [ERROR] Connection error: ('invalid_grant: Token has been expired or revoked.', {'error': 'invalid_grant', 'error_description': 'Token has been expired or revoked.'}) — reconnecting in 2 seconds...
2026-03-04 03:27:50,716 [INFO] Gmail Watcher stopped by user.
