2026-04-17 11:14:02,609 [INFO] Navigating to Instagram...
2026-04-17 11:14:09,265 [INFO] Looking for Create post button...
2026-04-17 11:15:49,857 [ERROR] Could not find Create button — saving screenshot
2026-04-17 11:15:51,433 [INFO] Session saved.
2026-04-17 15:27:51,742 [INFO] Logging in to Instagram...
2026-04-17 15:28:32,976 [ERROR] Login timed out.
2026-04-17 15:28:33,417 [INFO] Session saved.
2026-04-17 16:28:22,279 [INFO] Navigating to Instagram...
2026-04-17 16:28:28,490 [INFO] Looking for Create post button...
2026-04-17 16:28:38,967 [INFO] Clicked create: [aria-label='New post']
2026-04-17 16:28:41,737 [INFO] Image resized to 1080x1080.
2026-04-17 16:28:41,737 [INFO] Uploading image: D:\AI_Employee_Vault\.ig_resized.jpg
2026-04-17 16:28:44,782 [INFO] Image uploaded.
2026-04-17 16:28:47,194 [INFO] Clicked Next (crop)
2026-04-17 16:28:49,434 [INFO] Clicked Next (filters)
2026-04-17 16:28:54,505 [INFO] Looking for caption input...
2026-04-17 16:28:54,553 [INFO] Found caption: div[aria-label='Write a caption...']
2026-04-17 16:29:09,644 [INFO] Clicking Share button...
2026-04-17 16:29:09,885 [INFO] Clicked share via role selector
2026-04-17 16:29:14,907 [INFO] Post published successfully!
2026-04-17 16:29:15,396 [INFO] Session saved.
2026-04-17 17:09:46,965 [INFO] Navigating to Instagram...
2026-04-17 17:09:52,273 [INFO] Looking for Create post button...
2026-04-17 17:10:02,786 [INFO] Clicked create: [aria-label='New post']
2026-04-17 17:10:05,402 [INFO] Image resized to 1080x1080.
2026-04-17 17:10:05,403 [INFO] Uploading image: D:\AI_Employee_Vault\.ig_resized.jpg
2026-04-17 17:10:08,454 [INFO] Image uploaded.
2026-04-17 17:10:10,808 [INFO] Clicked Next (crop)
2026-04-17 17:10:12,982 [INFO] Clicked Next (filters)
2026-04-17 17:10:18,012 [INFO] Looking for caption input...
2026-04-17 17:10:18,034 [INFO] Found caption: div[aria-label='Write a caption...']
2026-04-17 17:10:31,389 [INFO] Clicking Share button...
2026-04-17 17:10:32,096 [INFO] Clicked share via role selector
2026-04-17 17:10:37,112 [INFO] Post published successfully!
2026-04-17 17:10:37,734 [INFO] Session saved.
