2026-04-26 11:03:31,650 [INFO] Stealth applied.
2026-04-26 11:03:48,743 [INFO] Navigating to LinkedIn feed...
2026-04-26 11:04:05,129 [INFO] Opening post composer...
2026-04-26 11:04:05,944 [INFO] Clicked 'Start a post': [aria-label='Start a post'] (attempt 1)
2026-04-26 11:04:09,948 [INFO] Finding post editor...
2026-04-26 11:04:15,241 [INFO] Found editor: [contenteditable='true'][role='textbox'] (attempt 1)
2026-04-26 11:04:15,242 [INFO] Uploading image FIRST: D:\AI_Employee_Vault\Media\uploads\Ai image.jpg
2026-04-26 11:04:15,937 [INFO] Clicked media button: button[aria-label='Add media']
2026-04-26 11:04:18,503 [INFO] Image file selected for upload.
2026-04-26 11:04:54,330 [INFO] Image preview selector not found, waiting 15s as fallback...
2026-04-26 11:05:27,580 [INFO] Image upload and processing complete.
2026-04-26 11:05:27,580 [INFO] Looking for image edit 'Done' button...
2026-04-26 11:05:27,993 [INFO] Clicked image edit 'Done' button: button:has-text('Next') (attempt 1)
2026-04-26 11:05:33,009 [INFO] Returned to post composer after image edit.
2026-04-26 11:05:33,010 [INFO] Re-finding editor after image upload...
2026-04-26 11:05:33,033 [INFO] Re-found editor: .ql-editor (attempt 1)
2026-04-26 11:05:33,033 [INFO] Typing post text...
2026-04-26 11:05:57,122 [INFO] Clicking Post button...
2026-04-26 11:05:58,011 [INFO] Saved pre-click screenshot.
2026-04-26 11:05:58,148 [INFO] Clicked post button (force): button.share-actions__primary-action (attempt 1)
2026-04-26 11:06:01,180 [INFO] Composer still open after click, trying dispatch_event...
2026-04-26 11:06:05,233 [INFO] Tried Ctrl+Enter to submit.
2026-04-26 11:06:08,940 [INFO] Post submitted after fallback click.
2026-04-26 11:06:23,819 [INFO] Saved post-click screenshot.
2026-04-26 11:06:23,819 [INFO] Post published successfully!
2026-04-26 11:06:25,953 [INFO] Session saved.
2026-04-26 11:16:02,268 [INFO] Stealth applied.
2026-04-26 11:16:14,757 [INFO] Navigating to LinkedIn feed...
2026-04-26 11:16:31,057 [INFO] Opening post composer...
2026-04-26 11:16:32,691 [INFO] Clicked 'Start a post': [aria-label='Start a post'] (attempt 1)
2026-04-26 11:16:36,700 [INFO] Finding post editor...
2026-04-26 11:16:37,249 [INFO] Found editor: .ql-editor (attempt 1)
2026-04-26 11:16:37,249 [INFO] Re-finding editor after image upload...
2026-04-26 11:16:37,286 [INFO] Re-found editor: .ql-editor (attempt 1)
2026-04-26 11:16:37,286 [INFO] Typing post text...
2026-04-26 11:16:59,064 [INFO] Clicking Post button...
2026-04-26 11:16:59,849 [INFO] Saved pre-click screenshot.
2026-04-26 11:16:59,976 [INFO] Clicked post button (force): button.share-actions__primary-action (attempt 1)
2026-04-26 11:17:03,015 [INFO] Post submitted — composer closed.
2026-04-26 11:17:14,054 [INFO] Saved post-click screenshot.
2026-04-26 11:17:14,054 [INFO] Post published successfully!
2026-04-26 11:17:18,998 [INFO] Session saved.
2026-04-26 11:21:51,081 [INFO] Stealth applied.
2026-04-26 11:22:58,851 [INFO] Navigating to LinkedIn feed...
2026-04-26 11:23:11,607 [INFO] Opening post composer...
2026-04-26 11:23:12,371 [INFO] Clicked 'Start a post': [aria-label='Start a post'] (attempt 1)
2026-04-26 11:23:16,378 [INFO] Finding post editor...
2026-04-26 11:23:25,279 [INFO] Found editor: [contenteditable='true'][role='textbox'] (attempt 1)
2026-04-26 11:23:25,279 [INFO] Uploading image FIRST: D:\AI_Employee_Vault\Media\uploads\Ai image.jpg
2026-04-26 11:23:26,332 [INFO] Clicked media button: button[aria-label='Add media']
2026-04-26 11:23:29,413 [INFO] Image file selected for upload.
2026-04-26 11:24:03,516 [INFO] Image preview selector not found, waiting 15s as fallback...
2026-04-26 11:24:36,575 [INFO] Image upload and processing complete.
2026-04-26 11:24:36,575 [INFO] Looking for image edit 'Done' button...
2026-04-26 11:24:37,094 [INFO] Clicked image edit 'Done' button: button:has-text('Next') (attempt 1)
2026-04-26 11:24:42,104 [INFO] Returned to post composer after image edit.
2026-04-26 11:24:42,104 [INFO] Re-finding editor after image upload...
2026-04-26 11:24:42,118 [INFO] Re-found editor: .ql-editor (attempt 1)
2026-04-26 11:24:42,118 [INFO] Typing post text...
2026-04-26 11:25:09,299 [INFO] Clicking Post button...
2026-04-26 11:25:10,333 [INFO] Saved pre-click screenshot.
2026-04-26 11:25:10,457 [INFO] Clicked post button (force): button.share-actions__primary-action (attempt 1)
2026-04-26 11:25:13,498 [INFO] Composer still open after click, trying dispatch_event...
2026-04-26 11:25:16,573 [INFO] Tried Ctrl+Enter to submit.
2026-04-26 11:25:19,638 [INFO] Post submitted after fallback click.
2026-04-26 11:25:30,444 [INFO] Saved post-click screenshot.
2026-04-26 11:25:30,444 [INFO] Post published successfully!
2026-04-26 11:25:53,685 [INFO] Session saved.
