2026-04-17 11:11:54,368 [INFO] Navigating to LinkedIn feed...
2026-04-17 11:12:03,424 [INFO] Opening post composer via feed click...
2026-04-17 11:12:05,355 [INFO] Clicked 'Start a post': [aria-label='Start a post'] (attempt 1)
2026-04-17 11:12:10,597 [INFO] Finding post editor...
2026-04-17 11:12:12,169 [INFO] Found editor: .ql-editor (attempt 1)
2026-04-17 11:12:12,169 [INFO] Uploading image FIRST: D:\AI_Employee_Vault\Media\uploads\AI.jpg
2026-04-17 11:12:12,684 [INFO] Clicked media button: button[aria-label='Add media']
2026-04-17 11:12:14,810 [INFO] Image file selected for upload.
2026-04-17 11:12:49,027 [INFO] Image preview selector not found, waiting 15s as fallback...
2026-04-17 11:13:22,470 [INFO] Image upload and processing complete.
2026-04-17 11:13:22,472 [INFO] Looking for image edit 'Done' button...
2026-04-17 11:13:22,926 [INFO] Clicked image edit 'Done' button: button:has-text('Next') (attempt 1)
2026-04-17 11:13:27,931 [INFO] Returned to post composer after image edit.
2026-04-17 11:13:27,931 [INFO] Re-finding editor after image upload...
2026-04-17 11:13:27,967 [INFO] Re-found editor: .ql-editor (attempt 1)
2026-04-17 11:13:27,968 [INFO] Typing post text...
2026-04-17 11:13:32,557 [INFO] Clicking Post button...
2026-04-17 11:13:33,312 [INFO] Saved pre-click screenshot.
2026-04-17 11:13:33,429 [INFO] Clicked post button (force): button.share-actions__primary-action (attempt 1)
2026-04-17 11:13:36,601 [INFO] Post submitted — composer closed.
2026-04-17 11:13:47,683 [INFO] Saved post-click screenshot.
2026-04-17 11:13:47,683 [WARNING] Uncertain if post published. URL: https://www.linkedin.com/in/muhammad-shayan-99a39b2b0/
2026-04-17 11:13:48,804 [INFO] Session saved.
