2026-03-08 01:16:06,336 [INFO] Logging in to LinkedIn...
2026-03-08 01:16:54,340 [ERROR] Login timed out.
2026-03-08 01:16:54,340 [ERROR] Login failed. Exiting.
2026-03-08 01:16:56,108 [INFO] Session saved.
2026-03-08 01:22:12,413 [INFO] Logging in to LinkedIn...
2026-03-08 01:22:50,277 [ERROR] Login timed out.
2026-03-08 01:22:50,277 [ERROR] Login failed. Exiting.
2026-03-08 01:22:51,685 [INFO] Session saved.
2026-03-08 01:28:21,453 [INFO] Already logged in (session restored).
2026-03-08 01:28:21,455 [INFO] Processing: linkedin_post_20260224_033025_daily_summary_20260224_033024.md
2026-03-08 01:28:21,535 [INFO] Post text (434 chars): [AUTO-DRAFT — Review before posting]

# Daily Summary Task

## Date: 2026-02-24
...
2026-03-08 01:28:21,535 [INFO] Navigating to LinkedIn feed...
2026-03-08 01:28:34,302 [INFO] Opening post composer via direct URL...
2026-03-08 01:28:53,443 [INFO] Direct URL redirected, trying feed click approach...
2026-03-08 01:29:06,475 [INFO] Finding post editor...
2026-03-08 01:29:13,267 [INFO] Found editor: [contenteditable='true']
2026-03-08 01:29:13,267 [INFO] Typing post text...
2026-03-08 01:29:29,354 [INFO] Clicking Post button...
2026-03-08 01:29:29,476 [INFO] Clicked post button: button.share-actions__primary-action
2026-03-08 01:29:33,481 [INFO] Post published successfully!
2026-03-08 01:29:33,488 [INFO] Archived to Done: posted_20260308_012933_linkedin_post_20260224_033025_daily_summary_20260224_033024.md
2026-03-08 01:29:33,488 [INFO] Processing: linkedin_post_20260304_031845_daily_summary_20260303_015507.md
2026-03-08 01:29:33,546 [INFO] Post text (434 chars): [AUTO-DRAFT — Review before posting]

# Daily Summary Task

## Date: 2026-03-03
...
2026-03-08 01:29:33,546 [INFO] Navigating to LinkedIn feed...
2026-03-08 01:29:40,444 [INFO] Opening post composer via direct URL...
2026-03-08 01:29:51,967 [INFO] Direct URL redirected, trying feed click approach...
2026-03-08 01:30:05,809 [INFO] Finding post editor...
2026-03-08 01:30:25,113 [INFO] Found editor: [data-placeholder]
2026-03-08 01:30:25,113 [INFO] Typing post text...
2026-03-08 01:30:42,914 [INFO] Clicking Post button...
2026-03-08 01:30:43,071 [INFO] Clicked post button: button.share-actions__primary-action
2026-03-08 01:30:47,077 [INFO] Post published successfully!
2026-03-08 01:30:47,083 [INFO] Archived to Done: posted_20260308_013047_linkedin_post_20260304_031845_daily_summary_20260303_015507.md
2026-03-08 01:30:47,084 [INFO] Processing: linkedin_post_20260304_031845_daily_summary_20260304_031845.md
2026-03-08 01:30:47,110 [INFO] Post text (434 chars): [AUTO-DRAFT — Review before posting]

# Daily Summary Task

## Date: 2026-03-04
...
2026-03-08 01:30:47,110 [INFO] Navigating to LinkedIn feed...
2026-03-08 01:30:53,932 [INFO] Opening post composer via direct URL...
2026-03-08 01:31:03,343 [ERROR] Post error: Page.goto: Target page, context or browser has been closed
Call log:
  - navigating to "https://www.linkedin.com/post/new/", waiting until "domcontentloaded"

2026-03-08 01:31:03,347 [INFO] Archived to Done: posted_20260308_013103_linkedin_post_20260304_031845_daily_summary_20260304_031845.md
2026-03-08 01:31:03,347 [INFO] Processing: linkedin_post_ai_automation.md
2026-03-08 01:31:03,350 [INFO] Image found: D:\AI_Employee_Vault\Media\AI.jpg
2026-03-08 01:31:03,350 [INFO] Post text (670 chars): In 2026, the gap between businesses using AI and those ignoring it has never bee...
2026-03-08 01:31:03,350 [INFO] Navigating to LinkedIn feed...
2026-03-08 01:31:03,353 [ERROR] Post error: Page.goto: Target page, context or browser has been closed
2026-03-08 01:31:03,356 [INFO] Archived to Done: posted_20260308_013103_linkedin_post_ai_automation.md
2026-03-08 01:31:03,356 [INFO] Done. Published 2 post(s).
2026-03-08 01:31:06,946 [INFO] Session saved.
2026-03-08 02:28:17,598 [INFO] Already logged in (session restored).
2026-03-08 02:28:17,601 [INFO] Processing: linkedin_post_ai_automation_v2.md
2026-03-08 02:28:17,604 [INFO] Image found: D:\AI_Employee_Vault\Media\AI.jpg
2026-03-08 02:28:17,605 [INFO] Post text (670 chars): In 2026, the gap between businesses using AI and those ignoring it has never bee...
2026-03-08 02:28:17,605 [INFO] Navigating to LinkedIn feed...
2026-03-08 02:28:26,019 [INFO] Opening post composer via direct URL...
2026-03-08 02:28:43,073 [INFO] Direct URL redirected, trying feed click approach...
2026-03-08 02:28:56,350 [INFO] Finding post editor...
2026-03-08 02:29:03,410 [ERROR] Could not find post editor — saving screenshot for debug
2026-03-08 02:29:03,556 [ERROR] Post error: Page.screenshot: Target page, context or browser has been closed
2026-03-08 02:29:03,560 [INFO] Archived to Done: posted_20260308_022903_linkedin_post_ai_automation_v2.md
2026-03-08 02:29:03,561 [INFO] Done. Published 0 post(s).
2026-03-08 02:29:05,458 [INFO] Session saved.
2026-03-08 02:31:58,792 [INFO] Already logged in (session restored).
2026-03-08 02:31:58,795 [INFO] Processing: linkedin_post_ai_automation_v3.md
2026-03-08 02:31:58,798 [INFO] Image found: D:\AI_Employee_Vault\Media\AI.jpg
2026-03-08 02:31:58,798 [INFO] Post text (670 chars): In 2026, the gap between businesses using AI and those ignoring it has never bee...
2026-03-08 02:31:58,799 [INFO] Navigating to LinkedIn feed...
2026-03-08 02:32:06,684 [INFO] Opening post composer via direct URL...
2026-03-08 02:32:27,900 [INFO] Direct URL redirected, trying feed click approach...
2026-03-08 02:32:40,028 [INFO] Finding post editor...
2026-03-08 02:33:15,219 [ERROR] Could not find post editor — saving screenshot for debug
2026-03-08 02:33:16,024 [INFO] Archived to Done: posted_20260308_023316_linkedin_post_ai_automation_v3.md
2026-03-08 02:33:16,025 [INFO] Done. Published 0 post(s).
2026-03-08 02:33:16,878 [INFO] Session saved.
2026-03-08 02:37:24,649 [INFO] Already logged in (session restored).
2026-03-08 02:37:24,652 [INFO] Processing: linkedin_post_ai_automation_v4.md
2026-03-08 02:37:24,655 [INFO] Image found: D:\AI_Employee_Vault\Media\AI.jpg
2026-03-08 02:37:24,655 [INFO] Post text (670 chars): In 2026, the gap between businesses using AI and those ignoring it has never bee...
2026-03-08 02:37:24,656 [INFO] Navigating to LinkedIn feed...
2026-03-08 02:37:34,551 [INFO] Opening post composer via direct URL...
2026-03-08 02:37:54,591 [ERROR] Post timed out: Page.goto: Timeout 20000ms exceeded.
Call log:
  - navigating to "https://www.linkedin.com/post/new/", waiting until "domcontentloaded"

2026-03-08 02:37:54,595 [INFO] Archived to Done: posted_20260308_023754_linkedin_post_ai_automation_v4.md
2026-03-08 02:37:54,595 [INFO] Done. Published 0 post(s).
2026-03-08 02:37:56,755 [INFO] Session saved.
2026-03-08 02:44:44,153 [INFO] Already logged in (session restored).
2026-03-08 02:44:44,155 [INFO] Processing: linkedin_post_ai_automation_v5.md
2026-03-08 02:44:44,161 [INFO] Image found: D:\AI_Employee_Vault\Media\AI.jpg
2026-03-08 02:44:44,161 [INFO] Post text (670 chars): In 2026, the gap between businesses using AI and those ignoring it has never bee...
2026-03-08 02:44:44,161 [INFO] Navigating to LinkedIn feed...
2026-03-08 02:44:59,183 [ERROR] Post timed out: Page.goto: Timeout 15000ms exceeded.
Call log:
  - navigating to "https://www.linkedin.com/feed/", waiting until "load"

2026-03-08 02:44:59,186 [INFO] Archived to Done: posted_20260308_024459_linkedin_post_ai_automation_v5.md
2026-03-08 02:44:59,186 [INFO] Done. Published 0 post(s).
2026-03-08 02:45:00,785 [INFO] Session saved.
2026-03-08 02:46:39,051 [INFO] Already logged in (session restored).
2026-03-08 02:46:39,053 [INFO] Processing: linkedin_post_ai_automation_v6.md
2026-03-08 02:46:39,054 [INFO] Image found: D:\AI_Employee_Vault\Media\AI.jpg
2026-03-08 02:46:39,054 [INFO] Post text (670 chars): In 2026, the gap between businesses using AI and those ignoring it has never bee...
2026-03-08 02:46:39,055 [INFO] Navigating to LinkedIn feed...
2026-03-08 02:46:52,365 [INFO] Opening post composer via direct URL...
2026-03-08 02:47:22,376 [WARNING] Direct URL timed out, will try feed click approach...
2026-03-08 02:47:22,377 [INFO] Finding post editor...
2026-03-08 02:47:32,349 [INFO] Found editor: [contenteditable='true'][role='textbox'] (attempt 1)
2026-03-08 02:47:32,350 [INFO] Typing post text...
2026-03-08 02:47:51,184 [INFO] Uploading image: D:\AI_Employee_Vault\Media\AI.jpg
2026-03-08 02:47:51,359 [INFO] Clicked media button: button:has(svg[data-test-icon='image-medium'])
2026-03-08 02:47:53,807 [INFO] Image file selected for upload.
2026-03-08 02:48:16,895 [INFO] Clicking Post button...
2026-03-08 02:48:17,211 [INFO] Clicked post button: .share-box-footer button.artdeco-button--primary
2026-03-08 02:48:21,231 [WARNING] Uncertain if post published. URL: https://www.linkedin.com/article/edit/7436165767609569280/
2026-03-08 02:48:21,233 [INFO] Archived to Done: posted_20260308_024821_linkedin_post_ai_automation_v6.md
2026-03-08 02:48:21,233 [INFO] Done. Published 1 post(s).
2026-03-08 02:48:22,270 [INFO] Session saved.
2026-03-08 03:01:15,341 [INFO] Already logged in (session restored).
2026-03-08 03:01:15,343 [INFO] Processing: linkedin_post_ai_automation_v7.md
2026-03-08 03:01:15,347 [INFO] Image found: D:\AI_Employee_Vault\Media\AI.jpg
2026-03-08 03:01:15,347 [INFO] Post text (670 chars): In 2026, the gap between businesses using AI and those ignoring it has never bee...
2026-03-08 03:01:15,350 [INFO] Navigating to LinkedIn feed...
2026-03-08 03:01:27,129 [INFO] Opening post composer via feed click...
2026-03-08 03:01:29,565 [INFO] Clicked 'Start a post': [aria-label='Start a post'] (attempt 1)
2026-03-08 03:01:34,590 [INFO] Finding post editor...
2026-03-08 03:02:09,688 [INFO] Editor not found on attempt 1, waiting...
2026-03-08 03:02:47,774 [INFO] Editor not found on attempt 2, waiting...
2026-03-08 03:03:25,870 [INFO] Editor not found on attempt 3, waiting...
2026-03-08 03:03:28,877 [ERROR] Could not find post editor — saving screenshot for debug
2026-03-08 03:03:58,992 [INFO] Archived to Done: posted_20260308_030358_linkedin_post_ai_automation_v7.md
2026-03-08 03:03:58,992 [INFO] Done. Published 0 post(s).
2026-03-08 03:07:51,092 [INFO] Session saved.
