2026-04-25 19:46:49,276 [INFO] Stealth applied.
2026-04-25 19:47:23,198 [INFO] Navigating to LinkedIn feed...
2026-04-25 19:47:37,674 [INFO] Dismissed overlay: button[aria-label='Dismiss']
2026-04-25 19:47:37,701 [INFO] Opening post composer...
2026-04-25 19:47:38,441 [INFO] Clicked 'Start a post': [aria-label='Start a post'] (attempt 1)
2026-04-25 19:47:42,449 [INFO] Finding post editor...
2026-04-25 19:48:02,205 [INFO] Found editor: [data-placeholder] (attempt 1)
2026-04-25 19:48:02,205 [INFO] Uploading image FIRST: D:\AI_Employee_Vault\Media\uploads\Ai image.jpg
2026-04-25 19:48:03,023 [INFO] Clicked media button: button[aria-label='Add media']
2026-04-25 19:48:06,219 [INFO] Image file selected for upload.
2026-04-25 19:48:47,940 [INFO] Image preview selector not found, waiting 15s as fallback...
2026-04-25 19:49:21,052 [INFO] Image upload and processing complete.
2026-04-25 19:49:21,053 [INFO] Looking for image edit 'Done' button...
2026-04-25 19:49:22,198 [INFO] Clicked image edit 'Done' button: button:has-text('Next') (attempt 1)
2026-04-25 19:49:27,206 [INFO] Returned to post composer after image edit.
2026-04-25 19:49:27,206 [INFO] Re-finding editor after image upload...
2026-04-25 19:49:27,221 [INFO] Re-found editor: .ql-editor (attempt 1)
2026-04-25 19:49:27,222 [INFO] Typing post text...
2026-04-25 19:49:55,917 [INFO] Clicking Post button...
2026-04-25 19:49:56,966 [INFO] Saved pre-click screenshot.
2026-04-25 19:49:57,147 [INFO] Clicked post button (force): button.share-actions__primary-action (attempt 1)
2026-04-25 19:50:00,172 [INFO] Composer still open after click, trying dispatch_event...
2026-04-25 19:50:03,207 [INFO] Tried Ctrl+Enter to submit.
2026-04-25 19:50:06,249 [INFO] Post submitted after fallback click.
2026-04-25 19:50:16,672 [INFO] Saved post-click screenshot.
2026-04-25 19:50:16,673 [INFO] Post published successfully!
2026-04-25 19:50:17,615 [INFO] Session saved.
