2026-03-25 14:46:03,624 [INFO] Post Everywhere — Starting
2026-03-25 14:46:03,624 [INFO] Platforms: instagram
2026-03-25 14:46:03,625 [INFO] Text: I built an AI Employee that manages my emails, posts on social media, sends What...
2026-03-25 14:46:03,625 [INFO] Image: D:/AI_Employee_Vault/Media/AI.jpg
2026-03-25 14:46:03,625 [INFO] ==================================================
2026-03-25 14:46:03,625 [INFO] INSTAGRAM — Starting...
2026-03-25 14:46:41,307 [INFO] Instagram: already logged in.
2026-03-25 14:46:41,308 [INFO] Navigating to Instagram...
2026-03-25 14:46:46,969 [INFO] Looking for Create post button...
2026-03-25 14:46:47,745 [INFO] Clicked create: svg[aria-label='New post']
2026-03-25 14:46:50,528 [INFO] Image resized to 1080x1080.
2026-03-25 14:46:50,530 [INFO] Uploading image: D:\AI_Employee_Vault\.ig_resized.jpg
2026-03-25 14:46:53,657 [INFO] Image uploaded.
2026-03-25 14:46:56,568 [INFO] Clicked Next (crop)
2026-03-25 14:46:58,736 [INFO] Clicked Next (filters)
2026-03-25 14:46:58,753 [INFO] Looking for caption input...
2026-03-25 14:47:13,859 [INFO] Found caption: div[contenteditable='true']
2026-03-25 14:47:29,928 [INFO] Clicking Share button...
2026-03-25 14:47:30,519 [INFO] Clicked share: div[role='button']:has-text('Share')
2026-03-25 14:47:35,541 [INFO] Post published successfully!
2026-03-25 14:47:35,541 [INFO] INSTAGRAM — Posted successfully!
2026-03-25 14:47:36,165 [INFO] Session saved.
2026-03-25 14:47:48,859 [INFO] ==================================================
2026-03-25 14:47:48,859 [INFO] RESULTS:
2026-03-25 14:47:48,859 [INFO]   instagram    OK
2026-03-25 14:47:48,859 [INFO] Total: 1/1 platforms posted successfully.
