2026-04-22 04:22:48,871 [INFO] Post Everywhere — Starting
2026-04-22 04:22:48,872 [INFO] Platforms: instagram, facebook, linkedin
2026-04-22 04:22:48,872 [INFO] Text: Your business doesn't need more employees — it needs smarter systems. We built a...
2026-04-22 04:22:48,872 [INFO] Image: Media/AI.jpg
2026-04-22 04:22:48,872 [INFO] ==================================================
2026-04-22 04:22:48,872 [INFO] INSTAGRAM — Starting...
2026-04-22 04:23:33,435 [INFO] Instagram: already logged in.
2026-04-22 04:23:33,435 [INFO] Navigating to Instagram...
2026-04-22 04:23:38,568 [INFO] Looking for Create post button...
2026-04-22 04:23:50,339 [INFO] Clicked create: [aria-label='New post']
2026-04-22 04:23:54,346 [INFO] Image resized to 1080x1080.
2026-04-22 04:23:54,347 [INFO] Uploading image: D:\AI_Employee_Vault\.ig_resized.jpg
2026-04-22 04:23:57,432 [INFO] Image uploaded.
2026-04-22 04:24:00,132 [INFO] Clicked Next (crop)
2026-04-22 04:24:02,807 [INFO] Clicked Next (filters)
2026-04-22 04:24:07,898 [INFO] Looking for caption input...
2026-04-22 04:24:07,919 [INFO] Found caption: div[aria-label='Write a caption...']
2026-04-22 04:24:24,817 [INFO] Clicking Share button...
2026-04-22 04:24:25,251 [INFO] Clicked share via role selector
2026-04-22 04:24:30,565 [INFO] Post published successfully!
2026-04-22 04:24:30,566 [INFO] INSTAGRAM — Posted successfully!
2026-04-22 04:24:35,497 [INFO] Session saved.
2026-04-22 04:25:05,620 [INFO] ==================================================
2026-04-22 04:25:05,621 [INFO] FACEBOOK — Starting...
2026-04-22 04:25:23,619 [INFO] Facebook: already logged in.
2026-04-22 04:25:23,620 [INFO] Navigating to Facebook home...
2026-04-22 04:25:31,581 [INFO] Opening post composer...
2026-04-22 04:25:37,289 [INFO] Clicked composer: [aria-label='Create a post']
2026-04-22 04:25:42,304 [INFO] Uploading image FIRST: Media\AI.jpg
2026-04-22 04:25:42,373 [INFO] Image uploaded via image file input
2026-04-22 04:25:54,389 [INFO] Image upload done, dialog should be settled now
2026-04-22 04:25:54,389 [INFO] Finding the LAST (active) dialog...
2026-04-22 04:25:54,402 [INFO] Found 4 dialog(s) on page
2026-04-22 04:25:54,402 [INFO] Finding textbox in LAST dialog...
2026-04-22 04:25:54,441 [INFO] Found textbox: [role='dialog'] div[contenteditable='true'][role='textbox'] [last of 2] (attempt 1)
2026-04-22 04:25:54,441 [INFO] Focusing textbox in LAST dialog and typing text...
2026-04-22 04:25:56,090 [INFO] Textbox clicked with force (last dialog)
2026-04-22 04:26:13,087 [INFO] Text verified in LAST dialog (285 chars)
2026-04-22 04:26:13,087 [INFO] Clicking Post button in LAST dialog...
2026-04-22 04:26:13,670 [INFO] Clicked Post: div[aria-label='Post'][role='button'] [last of 2]
2026-04-22 04:26:18,684 [INFO] Post published successfully!
2026-04-22 04:26:18,684 [INFO] FACEBOOK — Posted successfully!
2026-04-22 04:26:19,232 [INFO] Session saved.
2026-04-22 04:26:22,239 [INFO] ==================================================
2026-04-22 04:26:22,240 [INFO] LINKEDIN — Starting...
2026-04-22 04:26:47,443 [INFO] LinkedIn: already logged in.
2026-04-22 04:26:47,444 [INFO] Navigating to LinkedIn feed...
2026-04-22 04:26:59,948 [INFO] Opening post composer via feed click...
2026-04-22 04:27:09,584 [INFO] 'Start a post' not found on attempt 1, waiting...
2026-04-22 04:27:09,592 [ERROR] Post error: Page.wait_for_timeout: Target page, context or browser has been closed
2026-04-22 04:27:09,594 [ERROR] LINKEDIN — Post failed.
2026-04-22 04:27:11,025 [INFO] Session saved.
2026-04-22 04:27:19,584 [INFO] ==================================================
2026-04-22 04:27:19,584 [INFO] RESULTS:
2026-04-22 04:27:19,584 [INFO]   instagram    OK
2026-04-22 04:27:19,584 [INFO]   facebook     OK
2026-04-22 04:27:19,584 [INFO]   linkedin     FAILED
2026-04-22 04:27:19,585 [INFO] Total: 2/3 platforms posted successfully.
