2026-04-18 17:35:01,872 [INFO] Session check URL: https://x.com/
2026-04-18 17:35:10,739 [INFO] Session saved.
2026-04-18 17:37:07,663 [INFO] Session check URL: https://x.com/
2026-04-18 17:37:16,882 [INFO] Session saved.
2026-04-18 17:39:28,077 [INFO] Session check URL: https://x.com/
2026-04-18 17:39:36,132 [INFO] Posting tweet (337 chars)...
2026-04-18 17:39:36,132 [INFO] Navigating to compose/post URL...
2026-04-18 17:40:18,153 [INFO] Trying home page inline composer...
2026-04-18 17:41:01,183 [INFO] Trying compose button clicks...
2026-04-18 17:41:16,231 [INFO] ==================================================
2026-04-18 17:41:16,231 [INFO] Composer not found automatically.
2026-04-18 17:41:16,232 [INFO] MANUAL MODE: Open the tweet composer in the browser.
2026-04-18 17:41:16,232 [INFO] You have 3 minutes. Click the compose button or
2026-04-18 17:41:16,232 [INFO] navigate to x.com/compose/post manually.
2026-04-18 17:41:16,232 [INFO] ==================================================
2026-04-18 18:22:04,999 [INFO] Session check URL: https://x.com/
2026-04-18 18:22:13,070 [INFO] Posting tweet (304 chars)...
2026-04-18 18:22:13,071 [INFO] Navigating to compose/post URL...
2026-04-18 18:22:56,092 [INFO] Trying home page inline composer...
2026-04-18 18:23:39,842 [INFO] Trying compose button clicks...
2026-04-18 18:23:54,988 [INFO] ==================================================
2026-04-18 18:23:54,988 [INFO] Composer not found automatically.
2026-04-18 18:23:54,989 [INFO] MANUAL MODE: Open the tweet composer in the browser.
2026-04-18 18:23:54,989 [INFO] You have 3 minutes. Click the compose button or
2026-04-18 18:23:54,989 [INFO] navigate to x.com/compose/post manually.
2026-04-18 18:23:54,989 [INFO] ==================================================
2026-04-18 18:28:02,680 [INFO]   Still waiting... (30s / 180s)
2026-04-18 18:32:09,801 [INFO]   Still waiting... (60s / 180s)
2026-04-18 18:36:17,048 [INFO]   Still waiting... (90s / 180s)
2026-04-18 18:40:25,983 [INFO]   Still waiting... (120s / 180s)
2026-04-18 18:44:33,510 [INFO]   Still waiting... (150s / 180s)
2026-04-18 18:48:40,203 [INFO]   Still waiting... (180s / 180s)
2026-04-18 18:48:40,213 [ERROR] Tweet composer not found — timed out after 3 min manual wait
2026-04-18 18:48:41,659 [INFO] Session saved.
2026-04-18 18:50:25,899 [INFO] Session check URL: https://x.com/
2026-04-18 18:50:33,947 [INFO] Already logged in (session restored).
2026-04-18 18:50:33,947 [INFO] Login test passed!
2026-04-18 18:50:34,829 [INFO] Session saved.
2026-04-18 18:51:44,827 [INFO] Session check URL: https://x.com/
2026-04-18 18:51:52,891 [INFO] Already logged in (session restored).
2026-04-18 18:51:52,893 [INFO] Posting tweet (301 chars)...
2026-04-18 18:51:52,893 [INFO] Navigating to home page first...
2026-04-18 18:52:03,421 [INFO] Home page loaded, looking for inline composer...
2026-04-18 18:53:03,700 [INFO] Navigating to compose/post URL...
2026-04-18 18:54:16,065 [INFO] Trying compose button clicks...
2026-04-18 18:54:51,728 [INFO] ==================================================
2026-04-18 18:54:51,729 [INFO] Composer not found automatically.
2026-04-18 18:54:51,730 [INFO] MANUAL MODE: Open the tweet composer in the browser.
2026-04-18 18:54:51,730 [INFO] You have 3 minutes. Click the compose button or
2026-04-18 18:54:51,731 [INFO] navigate to x.com/compose/post manually.
2026-04-18 18:54:51,732 [INFO] ==================================================
2026-04-18 19:01:23,556 [INFO]   Still waiting... (30s / 180s)
2026-04-18 19:07:55,026 [INFO]   Still waiting... (60s / 180s)
2026-04-18 19:14:26,641 [INFO]   Still waiting... (90s / 180s)
2026-04-18 19:20:57,914 [INFO]   Still waiting... (120s / 180s)
2026-04-18 19:27:28,882 [INFO]   Still waiting... (150s / 180s)
2026-04-18 19:30:25,976 [INFO]   Still waiting... (180s / 180s)
2026-04-18 19:30:25,976 [ERROR] Tweet composer not found — timed out after 3 min manual wait
2026-04-18 19:30:25,979 [ERROR] Tweet error: Page.screenshot: Target page, context or browser has been closed
2026-04-18 19:30:25,979 [ERROR] Tweet failed.
2026-04-18 19:30:25,980 [INFO] Session saved.
2026-04-18 19:30:50,987 [INFO] Session check URL: https://x.com/
2026-04-18 19:30:59,060 [INFO] Already logged in (session restored).
2026-04-18 19:30:59,061 [INFO] Login test passed!
2026-04-18 19:30:59,427 [INFO] Session saved.
2026-04-18 23:00:39,037 [INFO] Session check URL: https://x.com/
2026-04-18 23:00:47,119 [INFO] Already logged in (session restored).
2026-04-18 23:00:47,120 [INFO] Posting tweet (301 chars)...
2026-04-18 23:00:47,121 [INFO] Navigating to home page first...
2026-04-18 23:00:57,536 [INFO] Home page loaded, looking for inline composer...
2026-04-18 23:01:57,750 [INFO] Navigating to compose/post URL...
2026-04-18 23:03:11,456 [INFO] Trying compose button clicks...
2026-04-18 23:03:47,174 [INFO] ==================================================
2026-04-18 23:03:47,175 [INFO] Composer not found automatically.
2026-04-18 23:03:47,180 [INFO] MANUAL MODE: Open the tweet composer in the browser.
2026-04-18 23:03:47,180 [INFO] You have 3 minutes. Click the compose button or
2026-04-18 23:03:47,181 [INFO] navigate to x.com/compose/post manually.
2026-04-18 23:03:47,181 [INFO] ==================================================
2026-04-18 23:10:19,078 [INFO]   Still waiting... (30s / 180s)
2026-04-18 23:16:50,204 [INFO]   Still waiting... (60s / 180s)
2026-04-18 23:22:46,409 [INFO]   Still waiting... (90s / 180s)
2026-04-18 23:23:16,962 [INFO]   Still waiting... (120s / 180s)
2026-04-18 23:23:47,554 [INFO]   Still waiting... (150s / 180s)
2026-04-18 23:24:17,883 [INFO]   Still waiting... (180s / 180s)
2026-04-18 23:24:17,884 [ERROR] Tweet composer not found — timed out after 3 min manual wait
2026-04-18 23:24:17,888 [ERROR] Tweet error: Page.screenshot: Target page, context or browser has been closed
2026-04-18 23:24:17,888 [ERROR] Tweet failed.
2026-04-18 23:24:17,890 [INFO] Session saved.
2026-04-18 23:58:52,104 [INFO] Session check URL: https://x.com/
2026-04-18 23:59:00,140 [INFO] Already logged in (session restored).
2026-04-18 23:59:00,140 [INFO] Login test passed!
2026-04-18 23:59:00,666 [INFO] Session saved.
2026-04-18 23:59:42,252 [INFO] Session check URL: https://x.com/
2026-04-18 23:59:50,314 [INFO] Already logged in (session restored).
2026-04-18 23:59:50,315 [INFO] Posting tweet (301 chars)...
2026-04-18 23:59:50,316 [INFO] Navigating to home page first...
2026-04-19 00:00:01,784 [INFO] Home page loaded, looking for inline composer...
2026-04-19 00:01:02,023 [INFO] Navigating to compose/post URL...
2026-04-19 00:02:14,902 [INFO] Trying compose button clicks...
2026-04-19 00:02:51,172 [INFO] ==================================================
2026-04-19 00:02:51,172 [INFO] Composer not found automatically.
2026-04-19 00:02:51,176 [INFO] MANUAL MODE: Open the tweet composer in the browser.
2026-04-19 00:02:51,177 [INFO] You have 3 minutes. Click the compose button or
2026-04-19 00:02:51,177 [INFO] navigate to x.com/compose/post manually.
2026-04-19 00:02:51,177 [INFO] ==================================================
2026-04-19 00:09:23,358 [INFO]   Still waiting... (30s / 180s)
2026-04-19 00:15:54,501 [INFO]   Still waiting... (60s / 180s)
2026-04-19 00:22:25,425 [INFO]   Still waiting... (90s / 180s)
2026-04-19 00:25:08,922 [INFO]   Still waiting... (120s / 180s)
2026-04-19 00:25:39,153 [INFO]   Still waiting... (150s / 180s)
2026-04-19 00:26:10,203 [INFO]   Still waiting... (180s / 180s)
2026-04-19 00:26:10,203 [ERROR] Tweet composer not found — timed out after 3 min manual wait
2026-04-19 00:26:10,209 [ERROR] Tweet error: Page.screenshot: Target page, context or browser has been closed
2026-04-19 00:26:10,210 [ERROR] Tweet failed.
2026-04-19 00:26:10,211 [INFO] Session saved.
