2026-03-09 03:26:53,804  INFO     Browser opened with persistent profile.
2026-03-09 03:27:01,695  INFO     Waiting for login... 5/40s
2026-03-09 03:27:06,908  INFO     Waiting for login... 10/40s
2026-03-09 03:27:11,963  INFO     Waiting for login... 15/40s
2026-03-09 03:27:17,030  INFO     Waiting for login... 20/40s
2026-03-09 03:27:22,096  INFO     Waiting for login... 25/40s
2026-03-09 03:27:27,514  INFO     Waiting for login... 30/40s
2026-03-09 03:27:32,586  INFO     Waiting for login... 35/40s
2026-03-09 03:27:37,641  INFO     Waiting for login... 40/40s
2026-03-09 03:27:37,641  ERROR    Login not detected within 40s.
2026-03-09 03:27:38,817  INFO     Browser closed. Profile saved.
2026-03-09 03:38:08,017  INFO     Browser opened with persistent profile.
2026-03-09 03:38:14,982  INFO     >>> Scan the QR code on screen (3 min timeout) <<<
2026-03-09 03:38:48,823  INFO     Still waiting for QR... 30s
2026-03-09 03:39:21,830  INFO     Still waiting for QR... 60s
2026-03-09 03:39:57,171  INFO     Still waiting for QR... 90s
2026-03-09 03:40:30,227  INFO     Still waiting for QR... 120s
2026-03-09 03:41:02,289  INFO     Still waiting for QR... 150s
2026-03-09 03:41:05,542  INFO     QR scanned! Session saved in browser profile.
2026-03-09 03:41:05,542  INFO     Setup done! Profile saved.
2026-03-09 03:41:06,156  INFO     Browser closed. Profile saved.
2026-03-09 03:51:12,940  INFO     Browser opened with persistent profile.
2026-03-09 03:51:19,629  INFO     Waiting for login... 5/40s
2026-03-09 03:51:24,729  INFO     Waiting for login... 10/40s
2026-03-09 03:51:29,924  INFO     Waiting for login... 15/40s
2026-03-09 03:51:35,530  INFO     Waiting for login... 20/40s
2026-03-09 03:51:40,907  INFO     Logged in from saved profile.
2026-03-09 03:51:40,907  INFO     Sending to: Zubair
2026-03-09 03:52:02,587  INFO     Search opened via: div[contenteditable="true"][data-tab="3"]
2026-03-09 03:52:06,649  INFO     Search box found: div[contenteditable="true"][data-tab="3"]
2026-03-09 03:52:28,974  INFO     Chat opened via: div[role="row"] span[title]
2026-03-09 03:52:37,311  INFO     Compose box found: div[contenteditable="true"][data-tab="10"]
2026-03-09 03:52:55,194  INFO     Send clicked: button[aria-label="Send"]
2026-03-09 03:52:57,210  INFO     Message sent to Zubair
2026-03-09 03:52:58,034  INFO     Browser closed. Profile saved.
2026-03-09 03:56:00,176  INFO     Browser opened with persistent profile.
2026-03-09 03:56:08,986  INFO     Waiting for login... 5/40s
2026-03-09 03:56:14,095  INFO     Waiting for login... 10/40s
2026-03-09 03:56:19,124  INFO     Logged in from saved profile.
2026-03-09 03:56:19,124  INFO     Sending to: Zubair
2026-03-09 03:56:41,394  INFO     Search opened via: div[contenteditable="true"][data-tab="3"]
2026-03-09 03:56:45,952  INFO     Search box found: div[contenteditable="true"][data-tab="3"]
2026-03-09 03:57:07,865  INFO     Chat opened via: div[role="row"] span[title]
2026-03-09 03:57:15,262  INFO     Compose box found: div[contenteditable="true"][data-tab="10"]
2026-03-09 03:57:24,164  INFO     Send clicked: button[aria-label="Send"]
2026-03-09 03:57:26,181  INFO     Message sent to Zubair
2026-03-09 03:57:27,256  INFO     Browser closed. Profile saved.
2026-03-09 04:00:43,823  INFO     Browser opened with persistent profile.
2026-03-09 04:00:51,643  INFO     Waiting for login... 5/60s
2026-03-09 04:00:56,916  INFO     Logged in from saved profile.
2026-03-09 04:01:19,470  INFO     Search opened via: div[contenteditable="true"][data-tab="3"]
2026-03-09 04:01:23,920  INFO     Search box found: div[contenteditable="true"][data-tab="3"]
2026-03-09 04:01:45,271  INFO     Chat opened via: div[role="row"] span[title]
2026-03-09 04:01:55,430  INFO     Compose box found: div[contenteditable="true"][data-tab="10"]
2026-03-09 04:02:03,234  INFO     Send clicked: button[aria-label="Send"]
2026-03-09 04:02:14,826  INFO     Browser closed. Profile saved.
2026-03-09 04:04:12,290  INFO     Browser opened with persistent profile.
2026-03-09 04:04:21,226  INFO     Waiting for login... 5/60s
2026-03-09 04:04:27,511  INFO     Logged in from saved profile.
2026-03-09 04:04:49,678  INFO     Search opened via: div[contenteditable="true"][data-tab="3"]
2026-03-09 04:04:53,798  INFO     Search box found: div[contenteditable="true"][data-tab="3"]
2026-03-09 04:05:14,570  INFO     Chat opened via: div[role="row"] span[title]
2026-03-09 04:05:24,672  INFO     Compose box found: div[contenteditable="true"][data-tab="10"]
2026-03-09 04:05:32,269  INFO     Send clicked: button[aria-label="Send"]
2026-03-09 04:05:50,788  INFO     Browser closed. Profile saved.
2026-03-09 04:06:26,660  INFO     Browser opened with persistent profile.
2026-03-09 04:06:37,269  INFO     Waiting for login... 5/60s
2026-03-09 04:06:43,240  INFO     Logged in from saved profile.
2026-03-09 04:07:05,195  INFO     Search opened via: div[contenteditable="true"][data-tab="3"]
2026-03-09 04:07:09,245  INFO     Search box found: div[contenteditable="true"][data-tab="3"]
2026-03-09 04:07:29,902  INFO     Chat opened via: div[role="row"] span[title]
2026-03-09 04:07:40,945  INFO     Compose box found: div[contenteditable="true"][data-tab="10"]
2026-03-09 04:07:49,018  INFO     Send clicked: button[aria-label="Send"]
2026-03-09 04:08:22,844  INFO     Browser closed. Profile saved.
2026-03-09 04:20:41,618  INFO     Browser opened with persistent profile.
2026-03-09 04:20:48,881  INFO     Browser closed. Profile saved.
2026-03-09 04:21:20,272  INFO     Browser opened with persistent profile.
2026-03-09 04:21:33,056  INFO     Sending to: Zubair
2026-03-09 04:22:05,527  INFO     Search opened via Ctrl+F
2026-03-09 04:22:09,595  INFO     Search box found: div[contenteditable="true"][data-tab="3"]
2026-03-09 04:22:30,123  INFO     Chat opened via: div[role="row"] span[title]
2026-03-09 04:22:37,215  INFO     Compose box found: div[contenteditable="true"][data-tab="10"]
2026-03-09 04:22:44,985  INFO     Send clicked: button[aria-label="Send"]
2026-03-09 04:22:44,985  INFO     Waiting for message delivery...
2026-03-09 04:22:48,038  INFO     Message delivered (compose box empty).
2026-03-09 04:22:53,062  INFO     Message sent to Zubair
2026-03-09 04:22:53,884  INFO     Browser closed. Profile saved.
