2026-03-01 01:59:25,692 [INFO] Opening WhatsApp Web for QR scan...
2026-03-01 01:59:37,674 [INFO] Waiting for QR code scan (3 min timeout)...
2026-03-01 01:59:37,674 [INFO] Please scan the QR code with your WhatsApp mobile app.
2026-03-01 02:02:37,694 [ERROR] QR scan timed out.
2026-03-01 02:02:37,732 [INFO] WhatsApp session saved.
2026-03-01 02:06:25,418 [INFO] WhatsApp session active.
2026-03-01 02:06:25,420 [INFO] Sending message to: +923278448829
2026-03-01 02:06:28,978 [INFO] Using direct URL for number: +923278448829
2026-03-01 02:06:34,730 [INFO] Finding message input...
2026-03-01 02:06:44,742 [ERROR] Timeout sending to +923278448829: Locator.wait_for: Timeout 10000ms exceeded.
Call log:
  - waiting for locator("[data-testid=\"conversation-compose-box-input\"], div[contenteditable=\"true\"][data-tab=\"10\"], div[contenteditable=\"true\"][title=\"Type a message\"]").first to be visible

2026-03-01 02:06:44,750 [INFO] Archived: Done/whatsapp_20260301_020644_whatsapp_test.md
2026-03-01 02:06:44,751 [INFO] Done. Sent 0 message(s).
2026-03-01 02:06:44,765 [INFO] WhatsApp session saved.
2026-03-01 02:07:59,349 [INFO] WhatsApp session active.
2026-03-01 02:07:59,350 [INFO] Done. Sent 0 message(s).
2026-03-01 02:07:59,359 [INFO] WhatsApp session saved.
2026-03-01 02:12:00,806 [INFO] Opening WhatsApp Web for QR scan...
2026-03-01 02:12:13,203 [INFO] Waiting for QR code scan (3 min timeout)...
2026-03-01 02:12:13,204 [INFO] Please scan the QR code with your WhatsApp mobile app.
2026-03-01 02:15:13,212 [ERROR] QR scan timed out.
2026-03-01 02:15:13,254 [INFO] WhatsApp session saved.
2026-03-01 02:17:06,856 [INFO] Opening WhatsApp Web for QR scan...
2026-03-01 02:17:13,860 [INFO] Waiting for QR code scan (3 min timeout)...
2026-03-01 02:17:13,860 [INFO] Please scan the QR code with your WhatsApp mobile app.
2026-03-01 02:17:40,344 [INFO] Login detected via: #pane-side
2026-03-01 02:17:40,350 [INFO] QR scanned successfully! Logged in.
2026-03-01 02:17:40,434 [INFO] Session saved!
2026-03-01 02:17:40,443 [INFO] Setup complete! Run without --setup to start processing.
2026-03-01 02:17:41,116 [INFO] WhatsApp session saved.
2026-03-01 02:18:49,955 [ERROR] Not logged in. Run with --setup first to scan QR code.
2026-03-01 02:18:49,966 [INFO] WhatsApp session saved.
2026-03-01 02:23:01,035 [INFO] WhatsApp Web loading... waiting for page to fully load
2026-03-01 02:23:06,065 [INFO] Login check attempt 1/5...
2026-03-01 02:23:11,422 [INFO] Login check attempt 2/5...
2026-03-01 02:23:16,483 [INFO] Login check attempt 3/5...
2026-03-01 02:23:21,547 [INFO] Login check attempt 4/5...
2026-03-01 02:23:26,634 [INFO] Login check attempt 5/5...
2026-03-01 02:23:26,694 [WARNING] Could not detect login after 25 seconds
2026-03-01 02:23:26,905 [INFO] Debug screenshot saved: wa_debug_login.png
2026-03-01 02:23:26,906 [ERROR] Not logged in. Run with --setup first to scan QR code.
2026-03-01 02:23:26,927 [INFO] WhatsApp session saved.
2026-03-01 02:32:55,995 [INFO] WhatsApp Web loading... waiting for page to fully load
2026-03-01 02:33:01,072 [INFO] Login check attempt 1/8...
2026-03-01 02:33:06,210 [INFO] Login check attempt 2/8...
2026-03-01 02:33:11,699 [INFO] Login check attempt 3/8...
2026-03-01 02:33:17,450 [INFO] Login check attempt 4/8...
2026-03-01 02:33:18,741 [INFO] Mid-check screenshot saved
2026-03-01 02:33:23,750 [INFO] Login check attempt 5/8...
2026-03-01 02:33:28,817 [INFO] Login check attempt 6/8...
2026-03-01 02:33:33,898 [INFO] Login check attempt 7/8...
2026-03-01 02:33:36,167 [INFO] Login detected via: #pane-side
2026-03-01 02:33:36,168 [INFO] WhatsApp session active.
2026-03-01 02:33:36,172 [INFO] Sending message to: +923278448829
2026-03-01 02:33:39,981 [INFO] Using direct URL for number: +923278448829
2026-03-01 02:33:45,619 [INFO] Finding message input...
2026-03-01 02:33:49,996 [INFO] Sending...
2026-03-01 02:33:52,185 [INFO] Message sent to: +923278448829
2026-03-01 02:33:52,187 [INFO] Archived: Done/whatsapp_20260301_023352_whatsapp_test.md
2026-03-01 02:33:52,188 [INFO] Done. Sent 1 message(s).
2026-03-01 02:33:52,211 [INFO] WhatsApp session saved.
2026-03-01 02:51:18,500 [INFO] WhatsApp Web loading... waiting for page to fully load
2026-03-01 02:51:23,596 [INFO] Login check attempt 1/8...
2026-03-01 02:51:31,545 [INFO] Login check attempt 2/8...
2026-03-01 02:51:38,435 [INFO] Login check attempt 3/8...
2026-03-01 02:51:43,507 [INFO] Login check attempt 4/8...
2026-03-01 02:51:43,867 [INFO] Mid-check screenshot saved
2026-03-01 02:51:48,873 [INFO] Login check attempt 5/8...
2026-03-01 02:51:53,958 [INFO] Login check attempt 6/8...
2026-03-01 02:51:59,106 [INFO] Login check attempt 7/8...
2026-03-01 02:52:04,192 [INFO] Login check attempt 8/8...
2026-03-01 02:52:04,259 [WARNING] Could not detect login after 40 seconds
2026-03-01 02:52:04,379 [INFO] Debug screenshot saved: wa_debug_login.png
2026-03-01 02:52:04,380 [ERROR] Not logged in. Run with --setup first to scan QR code.
2026-03-01 02:52:04,399 [INFO] WhatsApp session saved.
2026-03-01 02:54:29,738 [INFO] Opening WhatsApp Web for QR scan...
2026-03-01 02:54:37,348 [INFO] Waiting for QR code scan (3 min timeout)...
2026-03-01 02:54:37,348 [INFO] Please scan the QR code with your WhatsApp mobile app.
2026-03-01 02:55:04,190 [INFO] Login detected via: #pane-side
2026-03-01 02:55:04,191 [INFO] QR scanned successfully! Logged in.
2026-03-01 02:55:04,323 [INFO] Session saved!
2026-03-01 02:55:04,323 [INFO] Setup complete! Run without --setup to start processing.
2026-03-01 02:55:04,362 [INFO] WhatsApp session saved.
2026-03-01 02:55:38,244 [INFO] WhatsApp Web loading... waiting for page to fully load
2026-03-01 02:55:43,253 [INFO] Login check attempt 1/8...
2026-03-01 02:55:50,502 [INFO] Login check attempt 2/8...
2026-03-01 02:55:56,168 [INFO] Login check attempt 3/8...
2026-03-01 02:56:01,393 [INFO] Login check attempt 4/8...
2026-03-01 02:56:02,098 [INFO] Mid-check screenshot saved
2026-03-01 02:56:06,167 [ERROR] Login check error: Page.wait_for_timeout: Target page, context or browser has been closed
2026-03-01 02:56:06,167 [ERROR] Not logged in. Run with --setup first to scan QR code.
2026-03-01 02:56:07,069 [INFO] WhatsApp session saved.
2026-03-01 02:57:00,378 [INFO] WhatsApp Web loading... waiting for page to fully load
2026-03-01 02:57:05,459 [INFO] Login check attempt 1/8...
2026-03-01 02:57:13,248 [INFO] Login check attempt 2/8...
2026-03-01 02:57:18,311 [INFO] Login check attempt 3/8...
2026-03-01 02:57:24,437 [INFO] Login check attempt 4/8...
2026-03-01 02:57:25,291 [INFO] Mid-check screenshot saved
2026-03-01 02:57:30,327 [INFO] Login check attempt 5/8...
2026-03-01 02:57:30,840 [INFO] Login detected via: #pane-side
2026-03-01 02:57:30,844 [INFO] WhatsApp session active.
2026-03-01 02:57:30,845 [INFO] Done. Sent 0 message(s).
2026-03-01 02:57:36,272 [INFO] WhatsApp session saved.
2026-03-01 02:58:13,438 [INFO] WhatsApp Web loading... waiting for page to fully load
2026-03-01 02:58:18,491 [INFO] Login check attempt 1/8...
2026-03-01 02:58:26,244 [INFO] Login check attempt 2/8...
2026-03-01 02:58:33,706 [INFO] Login check attempt 3/8...
2026-03-01 02:58:38,791 [INFO] Login check attempt 4/8...
2026-03-01 02:58:40,621 [INFO] Mid-check screenshot saved
2026-03-01 02:58:45,631 [INFO] Login check attempt 5/8...
2026-03-01 02:58:50,770 [INFO] Login check attempt 6/8...
2026-03-01 02:58:55,845 [INFO] Login check attempt 7/8...
2026-03-01 02:58:55,870 [INFO] Login detected via: #pane-side
2026-03-01 02:58:55,874 [INFO] WhatsApp session active.
2026-03-01 02:58:55,874 [INFO] Listen mode — checking incoming every 30s
2026-03-01 02:58:55,874 [INFO] Checking for new incoming messages...
2026-03-01 02:59:01,871 [ERROR] Not logged in — cannot check messages.
2026-03-01 02:59:31,872 [INFO] Checking for new incoming messages...
2026-03-01 02:59:38,655 [ERROR] Not logged in — cannot check messages.
2026-03-01 03:00:08,656 [INFO] Checking for new incoming messages...
2026-03-01 03:00:14,504 [ERROR] Not logged in — cannot check messages.
2026-03-01 03:00:44,505 [INFO] Checking for new incoming messages...
2026-03-01 03:00:50,250 [ERROR] Not logged in — cannot check messages.
2026-03-01 03:01:20,251 [INFO] Checking for new incoming messages...
2026-03-01 03:01:27,358 [INFO] Login detected via: #pane-side
2026-03-01 03:01:27,396 [INFO] Found 0 chat(s) with unread messages
2026-03-01 03:01:27,398 [INFO] Incoming check complete. 0 new message(s) detected.
2026-03-01 03:01:57,398 [INFO] Checking for new incoming messages...
2026-03-01 03:02:03,056 [ERROR] Not logged in — cannot check messages.
2026-03-01 03:02:33,057 [INFO] Checking for new incoming messages...
2026-03-01 03:02:39,204 [ERROR] Not logged in — cannot check messages.
2026-03-01 03:03:09,205 [INFO] Checking for new incoming messages...
2026-03-01 03:03:15,177 [ERROR] Not logged in — cannot check messages.
2026-03-01 03:03:45,178 [INFO] Checking for new incoming messages...
2026-03-01 03:03:52,218 [INFO] Login detected via: #pane-side
2026-03-01 03:03:52,250 [INFO] Found 0 chat(s) with unread messages
2026-03-01 03:03:52,251 [INFO] Incoming check complete. 0 new message(s) detected.
2026-03-01 03:04:22,252 [INFO] Checking for new incoming messages...
2026-03-01 03:05:25,832 [INFO] WhatsApp Web loading... waiting for page to fully load
2026-03-01 03:05:30,863 [INFO] Login check attempt 1/8...
2026-03-01 03:05:37,786 [INFO] Login check attempt 2/8...
2026-03-01 03:05:44,062 [INFO] Login check attempt 3/8...
2026-03-01 03:05:49,150 [INFO] Login check attempt 4/8...
2026-03-01 03:05:49,446 [INFO] Mid-check screenshot saved
2026-03-01 03:05:54,453 [INFO] Login check attempt 5/8...
2026-03-01 03:05:59,589 [INFO] Login check attempt 6/8...
2026-03-01 03:06:04,643 [INFO] Login check attempt 7/8...
2026-03-01 03:06:09,768 [INFO] Login check attempt 8/8...
2026-03-01 03:06:10,060 [WARNING] Could not detect login after 40 seconds
2026-03-01 03:06:10,235 [INFO] Debug screenshot saved: wa_debug_login.png
2026-03-01 03:06:10,235 [ERROR] Not logged in. Run with --setup first to scan QR code.
2026-03-01 03:06:10,262 [INFO] WhatsApp session saved.
2026-03-01 03:06:52,071 [INFO] Opening WhatsApp Web for QR scan...
2026-03-01 03:07:02,478 [INFO] Waiting for QR code scan (3 min timeout)...
2026-03-01 03:07:02,479 [INFO] Please scan the QR code with your WhatsApp mobile app.
2026-03-01 03:07:41,567 [INFO] Still waiting for QR scan... (30s elapsed)
2026-03-01 03:08:12,545 [INFO] Still waiting for QR scan... (60s elapsed)
2026-03-01 03:08:45,850 [INFO] Still waiting for QR scan... (90s elapsed)
2026-03-01 03:08:50,396 [INFO] Login detected via: #pane-side
2026-03-01 03:08:50,396 [INFO] QR scanned successfully! Logged in.
2026-03-01 03:08:50,641 [INFO] Session saved!
2026-03-01 03:08:50,641 [INFO] Setup complete! Run without --setup to start processing.
2026-03-01 03:08:50,721 [INFO] WhatsApp session saved.
2026-03-01 03:09:11,794 [INFO] WhatsApp Web loading... waiting for page to fully load
2026-03-01 03:09:16,815 [INFO] Login check attempt 1/8...
2026-03-01 03:09:24,106 [INFO] Login check attempt 2/8...
2026-03-01 03:09:24,106 [ERROR] Not logged in. Run with --setup first to scan QR code.
2026-03-01 03:09:24,275 [INFO] WhatsApp session saved.
2026-03-01 03:10:46,232 [INFO] Opening WhatsApp Web for QR scan...
2026-03-01 03:10:53,500 [INFO] Waiting for QR code scan (3 min timeout)...
2026-03-01 03:10:53,500 [INFO] Please scan the QR code with your WhatsApp mobile app.
2026-03-01 03:11:28,859 [INFO] Still waiting for QR scan... (30s elapsed)
2026-03-01 03:11:40,955 [INFO] Login detected via: #pane-side
2026-03-01 03:11:40,956 [INFO] QR scanned successfully! Logged in.
2026-03-01 03:11:41,215 [INFO] Session saved!
2026-03-01 03:11:41,216 [INFO] Setup complete!
2026-03-01 03:11:41,216 [INFO] WhatsApp session active.
2026-03-01 03:11:41,216 [INFO] Listen mode — checking incoming every 30s
2026-03-01 03:11:41,216 [INFO] Checking for new incoming messages...
2026-03-01 03:11:47,635 [INFO] Login detected via: #pane-side
2026-03-01 03:11:50,043 [INFO] Found 0 chat(s) with unread messages
2026-03-01 03:11:50,044 [INFO] Incoming check complete. 0 new message(s) detected.
2026-03-01 03:12:20,045 [INFO] Checking for new incoming messages...
2026-03-01 03:12:25,131 [INFO] Login detected via: #pane-side
2026-03-01 03:12:26,258 [INFO] Found 0 chat(s) with unread messages
2026-03-01 03:12:26,259 [INFO] Incoming check complete. 0 new message(s) detected.
2026-03-01 03:12:56,259 [INFO] Checking for new incoming messages...
2026-03-01 03:13:01,323 [INFO] Login detected via: #pane-side
2026-03-01 03:13:02,509 [INFO] Found 0 chat(s) with unread messages
2026-03-01 03:13:02,510 [INFO] Incoming check complete. 0 new message(s) detected.
2026-03-01 03:13:32,511 [INFO] Checking for new incoming messages...
2026-03-01 03:13:37,605 [INFO] Login detected via: #pane-side
2026-03-01 03:13:40,728 [INFO] Found 0 chat(s) with unread messages
2026-03-01 03:13:40,728 [INFO] Incoming check complete. 0 new message(s) detected.
2026-03-01 03:14:10,729 [INFO] Checking for new incoming messages...
2026-03-01 03:14:15,786 [INFO] Login detected via: #pane-side
2026-03-01 03:14:17,866 [INFO] Found 0 chat(s) with unread messages
2026-03-01 03:14:17,867 [INFO] Incoming check complete. 0 new message(s) detected.
2026-03-01 03:14:47,874 [INFO] Checking for new incoming messages...
2026-03-01 03:14:52,914 [INFO] Login detected via: #pane-side
2026-03-01 03:14:54,110 [INFO] Found 0 chat(s) with unread messages
2026-03-01 03:14:54,111 [INFO] Incoming check complete. 0 new message(s) detected.
2026-03-01 03:15:24,112 [INFO] Checking for new incoming messages...
2026-03-01 03:15:29,208 [INFO] Login detected via: #pane-side
2026-03-01 03:15:30,335 [INFO] Found 0 chat(s) with unread messages
2026-03-01 03:15:30,339 [INFO] Incoming check complete. 0 new message(s) detected.
2026-03-01 03:16:00,340 [INFO] Checking for new incoming messages...
2026-03-01 03:16:05,398 [INFO] Login detected via: #pane-side
2026-03-01 03:16:06,499 [INFO] Found 0 chat(s) with unread messages
2026-03-01 03:16:06,500 [INFO] Incoming check complete. 0 new message(s) detected.
2026-03-01 03:16:36,500 [INFO] Checking for new incoming messages...
2026-03-01 03:16:41,707 [INFO] Login detected via: #pane-side
2026-03-01 03:16:45,389 [INFO] Found 0 chat(s) with unread messages
2026-03-01 03:16:45,390 [INFO] Incoming check complete. 0 new message(s) detected.
2026-03-01 03:19:15,029 [INFO] Opening WhatsApp Web for QR scan...
2026-03-01 03:19:22,310 [INFO] Waiting for QR code scan (3 min timeout)...
2026-03-01 03:19:22,310 [INFO] Please scan the QR code with your WhatsApp mobile app.
2026-03-01 03:19:58,971 [INFO] Login detected via: #pane-side
2026-03-01 03:19:58,972 [INFO] QR scanned successfully! Logged in.
2026-03-01 03:19:59,054 [INFO] Session saved!
2026-03-01 03:19:59,054 [INFO] Setup complete!
2026-03-01 03:19:59,054 [INFO] WhatsApp session active.
2026-03-01 03:19:59,055 [INFO] Listen mode — checking incoming every 30s
2026-03-01 03:19:59,055 [INFO] Checking for new incoming messages...
2026-03-01 03:20:06,449 [INFO] Login detected via: #pane-side
2026-03-01 03:20:08,746 [INFO] Listen debug screenshot saved: D:\AI_Employee_Vault\Logs\wa_debug_listen.png
2026-03-01 03:20:08,807 [INFO] Chat list HTML (first 2000 chars): <button class="xjb2p0i xk390pu x1heor9g x1ypdohk xjbqb8w x972fbf x10w94by x1qhh985 x14e42zd x1fmog5m xu25z0z x140muxe xo1y3bh xexx8yu xyri2b x18d9i69 x1c1uobl x2lah0s xav9cv8 x4tpdpg x1lziwak x14z9mp xtnn1bt x9v5kkp xmw7ebm xrdum7p" tabindex="0" data-tab="4" aria-disabled="false" type="button" aria-label="Archived "><div class="_ak72 false false false _asiw _ak7_ _ap1- _ap1_"><div class="_ak8n"><div class="_ak8h"><div class="x1c4vz4f xs83m0k xdl72j9 x1g77sc7 x78zum5 xozqiw3 x1oa3qoh x12fk4p8 xeuugli x2lwn1j xl56j7k x1q0g3np x6s0dn4 x1ksvy6g x1009pqg xhslqc4"><span aria-hidden="true" data-icon="archive-refreshed" class=""><svg viewBox="0 0 24 24" height="24" width="24" preserveAspectRatio="xMidYMid meet" class="" fill="none"><title>archive-refreshed</title><path d="M5 8V19H19V8H5ZM5 21C4.45 21 3.97917 20.8042 3.5875 20.4125C3.19583 20.0208 3 19.55 3 19V6.525C3 6.29167 3.0375 6.06667 3.1125 5.85C3.1875 5.63333 3.3 5.43333 3.45 5.25L4.7 3.725C4.88333 3.49167 5.1125 3.3125 5.3875 3.1875C5.6625 3.0625 5.95 3 6.25 3H17.75C18.05 3 18.3375 3.0625 18.6125 3.1875C18.8875 3.3125 19.1167 3.49167 19.3 3.725L20.55 5.25C20.7 5.43333 20.8125 5.63333 20.8875 5.85C20.9625 6.06667 21 6.29167 21 6.525V19C21 19.55 20.8042 20.0208 20.4125 20.4125C20.0208 20.8042 19.55 21 19 21H5ZM5.4 6H18.6L17.75 5H6.25L5.4 6Z" fill="currentColor"></path><path d="M15.3 14.45L12 17.75L8.7 14.45C8.3134 14.0634 8.3134 13.4366 8.7 13.05C9.0866 12.6634 9.7134 12.6634 10.1 13.05L11 13.95V10.75C11 10.1977 11.4477 9.75 12 9.75C12.5523 9.75 13 10.1977 13 10.75V13.95L13.9 13.05C14.2866 12.6634 14.9134 12.6634 15.3 13.05C15.6866 13.4366 15.6866 14.0634 15.3 14.45Z" fill="currentColor" class=""></path></svg></span></div></div></div><div class="_ak8l _ap1_"><div role="group" class="_ak8o"><div class="_ak8q">Archived</div></div></div><div class="_ak8l _ak8m _ap1_"></div></div></button><div tabindex="0" class="" data-tab="4"><div tabindex="-1" class=""><div aria-label="Chat list" class="x1y332i5 x1n2onr6 x6ikm8r x10wlt
2026-03-01 03:20:08,807 [INFO] Found 0 chat(s) with unread messages
2026-03-01 03:20:08,807 [INFO] Incoming check complete. 0 new message(s) detected.
2026-03-01 03:20:38,808 [INFO] Checking for new incoming messages...
2026-03-01 03:20:43,850 [INFO] Login detected via: #pane-side
2026-03-01 03:20:45,239 [INFO] Listen debug screenshot saved: D:\AI_Employee_Vault\Logs\wa_debug_listen.png
2026-03-01 03:20:45,305 [INFO] Chat list HTML (first 2000 chars): <button class="xjb2p0i xk390pu x1heor9g x1ypdohk xjbqb8w x972fbf x10w94by x1qhh985 x14e42zd x1fmog5m xu25z0z x140muxe xo1y3bh xexx8yu xyri2b x18d9i69 x1c1uobl x2lah0s xav9cv8 x4tpdpg x1lziwak x14z9mp xtnn1bt x9v5kkp xmw7ebm xrdum7p" tabindex="0" data-tab="4" aria-disabled="false" type="button" aria-label="Archived "><div class="_ak72 false false false _asiw _ak7_ _ap1- _ap1_"><div class="_ak8n"><div class="_ak8h"><div class="x1c4vz4f xs83m0k xdl72j9 x1g77sc7 x78zum5 xozqiw3 x1oa3qoh x12fk4p8 xeuugli x2lwn1j xl56j7k x1q0g3np x6s0dn4 x1ksvy6g x1009pqg xhslqc4"><span aria-hidden="true" data-icon="archive-refreshed" class=""><svg viewBox="0 0 24 24" height="24" width="24" preserveAspectRatio="xMidYMid meet" class="" fill="none"><title>archive-refreshed</title><path d="M5 8V19H19V8H5ZM5 21C4.45 21 3.97917 20.8042 3.5875 20.4125C3.19583 20.0208 3 19.55 3 19V6.525C3 6.29167 3.0375 6.06667 3.1125 5.85C3.1875 5.63333 3.3 5.43333 3.45 5.25L4.7 3.725C4.88333 3.49167 5.1125 3.3125 5.3875 3.1875C5.6625 3.0625 5.95 3 6.25 3H17.75C18.05 3 18.3375 3.0625 18.6125 3.1875C18.8875 3.3125 19.1167 3.49167 19.3 3.725L20.55 5.25C20.7 5.43333 20.8125 5.63333 20.8875 5.85C20.9625 6.06667 21 6.29167 21 6.525V19C21 19.55 20.8042 20.0208 20.4125 20.4125C20.0208 20.8042 19.55 21 19 21H5ZM5.4 6H18.6L17.75 5H6.25L5.4 6Z" fill="currentColor"></path><path d="M15.3 14.45L12 17.75L8.7 14.45C8.3134 14.0634 8.3134 13.4366 8.7 13.05C9.0866 12.6634 9.7134 12.6634 10.1 13.05L11 13.95V10.75C11 10.1977 11.4477 9.75 12 9.75C12.5523 9.75 13 10.1977 13 10.75V13.95L13.9 13.05C14.2866 12.6634 14.9134 12.6634 15.3 13.05C15.6866 13.4366 15.6866 14.0634 15.3 14.45Z" fill="currentColor" class=""></path></svg></span></div></div></div><div class="_ak8l _ap1_"><div role="group" class="_ak8o"><div class="_ak8q">Archived</div></div></div><div class="_ak8l _ak8m _ap1_"></div></div></button><div tabindex="0" class="" data-tab="4"><div tabindex="-1" class=""><div aria-label="Chat list" class="x1y332i5 x1n2onr6 x6ikm8r x10wlt
2026-03-01 03:20:45,305 [INFO] Found 0 chat(s) with unread messages
2026-03-01 03:20:45,307 [INFO] Incoming check complete. 0 new message(s) detected.
2026-03-01 03:21:15,308 [INFO] Checking for new incoming messages...
2026-03-01 03:21:20,349 [INFO] Login detected via: #pane-side
2026-03-01 03:21:21,597 [INFO] Listen debug screenshot saved: D:\AI_Employee_Vault\Logs\wa_debug_listen.png
2026-03-01 03:21:21,655 [INFO] Chat list HTML (first 2000 chars): <button class="xjb2p0i xk390pu x1heor9g x1ypdohk xjbqb8w x972fbf x10w94by x1qhh985 x14e42zd x1fmog5m xu25z0z x140muxe xo1y3bh xexx8yu xyri2b x18d9i69 x1c1uobl x2lah0s xav9cv8 x4tpdpg x1lziwak x14z9mp xtnn1bt x9v5kkp xmw7ebm xrdum7p" tabindex="0" data-tab="4" aria-disabled="false" type="button" aria-label="Archived "><div class="_ak72 false false false _asiw _ak7_ _ap1- _ap1_"><div class="_ak8n"><div class="_ak8h"><div class="x1c4vz4f xs83m0k xdl72j9 x1g77sc7 x78zum5 xozqiw3 x1oa3qoh x12fk4p8 xeuugli x2lwn1j xl56j7k x1q0g3np x6s0dn4 x1ksvy6g x1009pqg xhslqc4"><span aria-hidden="true" data-icon="archive-refreshed" class=""><svg viewBox="0 0 24 24" height="24" width="24" preserveAspectRatio="xMidYMid meet" class="" fill="none"><title>archive-refreshed</title><path d="M5 8V19H19V8H5ZM5 21C4.45 21 3.97917 20.8042 3.5875 20.4125C3.19583 20.0208 3 19.55 3 19V6.525C3 6.29167 3.0375 6.06667 3.1125 5.85C3.1875 5.63333 3.3 5.43333 3.45 5.25L4.7 3.725C4.88333 3.49167 5.1125 3.3125 5.3875 3.1875C5.6625 3.0625 5.95 3 6.25 3H17.75C18.05 3 18.3375 3.0625 18.6125 3.1875C18.8875 3.3125 19.1167 3.49167 19.3 3.725L20.55 5.25C20.7 5.43333 20.8125 5.63333 20.8875 5.85C20.9625 6.06667 21 6.29167 21 6.525V19C21 19.55 20.8042 20.0208 20.4125 20.4125C20.0208 20.8042 19.55 21 19 21H5ZM5.4 6H18.6L17.75 5H6.25L5.4 6Z" fill="currentColor"></path><path d="M15.3 14.45L12 17.75L8.7 14.45C8.3134 14.0634 8.3134 13.4366 8.7 13.05C9.0866 12.6634 9.7134 12.6634 10.1 13.05L11 13.95V10.75C11 10.1977 11.4477 9.75 12 9.75C12.5523 9.75 13 10.1977 13 10.75V13.95L13.9 13.05C14.2866 12.6634 14.9134 12.6634 15.3 13.05C15.6866 13.4366 15.6866 14.0634 15.3 14.45Z" fill="currentColor" class=""></path></svg></span></div></div></div><div class="_ak8l _ap1_"><div role="group" class="_ak8o"><div class="_ak8q">Archived</div></div></div><div class="_ak8l _ak8m _ap1_"></div></div></button><div tabindex="0" class="" data-tab="4"><div tabindex="-1" class=""><div aria-label="Chat list" class="x1y332i5 x1n2onr6 x6ikm8r x10wlt
2026-03-01 03:21:21,656 [INFO] Found 0 chat(s) with unread messages
2026-03-01 03:21:21,656 [INFO] Incoming check complete. 0 new message(s) detected.
2026-03-01 03:21:51,657 [INFO] Checking for new incoming messages...
2026-03-01 03:21:56,784 [INFO] Login detected via: #pane-side
2026-03-01 03:21:58,116 [INFO] Listen debug screenshot saved: D:\AI_Employee_Vault\Logs\wa_debug_listen.png
2026-03-01 03:21:58,182 [INFO] Chat list HTML (first 2000 chars): <button class="xjb2p0i xk390pu x1heor9g x1ypdohk xjbqb8w x972fbf x10w94by x1qhh985 x14e42zd x1fmog5m xu25z0z x140muxe xo1y3bh xexx8yu xyri2b x18d9i69 x1c1uobl x2lah0s xav9cv8 x4tpdpg x1lziwak x14z9mp xtnn1bt x9v5kkp xmw7ebm xrdum7p" tabindex="0" data-tab="4" aria-disabled="false" type="button" aria-label="Archived "><div class="_ak72 false false false _asiw _ak7_ _ap1- _ap1_"><div class="_ak8n"><div class="_ak8h"><div class="x1c4vz4f xs83m0k xdl72j9 x1g77sc7 x78zum5 xozqiw3 x1oa3qoh x12fk4p8 xeuugli x2lwn1j xl56j7k x1q0g3np x6s0dn4 x1ksvy6g x1009pqg xhslqc4"><span aria-hidden="true" data-icon="archive-refreshed" class=""><svg viewBox="0 0 24 24" height="24" width="24" preserveAspectRatio="xMidYMid meet" class="" fill="none"><title>archive-refreshed</title><path d="M5 8V19H19V8H5ZM5 21C4.45 21 3.97917 20.8042 3.5875 20.4125C3.19583 20.0208 3 19.55 3 19V6.525C3 6.29167 3.0375 6.06667 3.1125 5.85C3.1875 5.63333 3.3 5.43333 3.45 5.25L4.7 3.725C4.88333 3.49167 5.1125 3.3125 5.3875 3.1875C5.6625 3.0625 5.95 3 6.25 3H17.75C18.05 3 18.3375 3.0625 18.6125 3.1875C18.8875 3.3125 19.1167 3.49167 19.3 3.725L20.55 5.25C20.7 5.43333 20.8125 5.63333 20.8875 5.85C20.9625 6.06667 21 6.29167 21 6.525V19C21 19.55 20.8042 20.0208 20.4125 20.4125C20.0208 20.8042 19.55 21 19 21H5ZM5.4 6H18.6L17.75 5H6.25L5.4 6Z" fill="currentColor"></path><path d="M15.3 14.45L12 17.75L8.7 14.45C8.3134 14.0634 8.3134 13.4366 8.7 13.05C9.0866 12.6634 9.7134 12.6634 10.1 13.05L11 13.95V10.75C11 10.1977 11.4477 9.75 12 9.75C12.5523 9.75 13 10.1977 13 10.75V13.95L13.9 13.05C14.2866 12.6634 14.9134 12.6634 15.3 13.05C15.6866 13.4366 15.6866 14.0634 15.3 14.45Z" fill="currentColor" class=""></path></svg></span></div></div></div><div class="_ak8l _ap1_"><div role="group" class="_ak8o"><div class="_ak8q">Archived</div></div></div><div class="_ak8l _ak8m _ap1_"></div></div></button><div tabindex="0" class="" data-tab="4"><div tabindex="-1" class=""><div aria-label="Chat list" class="x1y332i5 x1n2onr6 x6ikm8r x10wlt
2026-03-01 03:21:58,182 [INFO] Found 0 chat(s) with unread messages
2026-03-01 03:21:58,183 [INFO] Incoming check complete. 0 new message(s) detected.
2026-03-01 03:22:28,184 [INFO] Checking for new incoming messages...
2026-03-01 03:22:33,269 [INFO] Login detected via: #pane-side
2026-03-01 03:22:34,557 [INFO] Listen debug screenshot saved: D:\AI_Employee_Vault\Logs\wa_debug_listen.png
2026-03-01 03:22:34,620 [INFO] Chat list HTML (first 2000 chars): <button class="xjb2p0i xk390pu x1heor9g x1ypdohk xjbqb8w x972fbf x10w94by x1qhh985 x14e42zd x1fmog5m xu25z0z x140muxe xo1y3bh xexx8yu xyri2b x18d9i69 x1c1uobl x2lah0s xav9cv8 x4tpdpg x1lziwak x14z9mp xtnn1bt x9v5kkp xmw7ebm xrdum7p" tabindex="0" data-tab="4" aria-disabled="false" type="button" aria-label="Archived "><div class="_ak72 false false false _asiw _ak7_ _ap1- _ap1_"><div class="_ak8n"><div class="_ak8h"><div class="x1c4vz4f xs83m0k xdl72j9 x1g77sc7 x78zum5 xozqiw3 x1oa3qoh x12fk4p8 xeuugli x2lwn1j xl56j7k x1q0g3np x6s0dn4 x1ksvy6g x1009pqg xhslqc4"><span aria-hidden="true" data-icon="archive-refreshed" class=""><svg viewBox="0 0 24 24" height="24" width="24" preserveAspectRatio="xMidYMid meet" class="" fill="none"><title>archive-refreshed</title><path d="M5 8V19H19V8H5ZM5 21C4.45 21 3.97917 20.8042 3.5875 20.4125C3.19583 20.0208 3 19.55 3 19V6.525C3 6.29167 3.0375 6.06667 3.1125 5.85C3.1875 5.63333 3.3 5.43333 3.45 5.25L4.7 3.725C4.88333 3.49167 5.1125 3.3125 5.3875 3.1875C5.6625 3.0625 5.95 3 6.25 3H17.75C18.05 3 18.3375 3.0625 18.6125 3.1875C18.8875 3.3125 19.1167 3.49167 19.3 3.725L20.55 5.25C20.7 5.43333 20.8125 5.63333 20.8875 5.85C20.9625 6.06667 21 6.29167 21 6.525V19C21 19.55 20.8042 20.0208 20.4125 20.4125C20.0208 20.8042 19.55 21 19 21H5ZM5.4 6H18.6L17.75 5H6.25L5.4 6Z" fill="currentColor"></path><path d="M15.3 14.45L12 17.75L8.7 14.45C8.3134 14.0634 8.3134 13.4366 8.7 13.05C9.0866 12.6634 9.7134 12.6634 10.1 13.05L11 13.95V10.75C11 10.1977 11.4477 9.75 12 9.75C12.5523 9.75 13 10.1977 13 10.75V13.95L13.9 13.05C14.2866 12.6634 14.9134 12.6634 15.3 13.05C15.6866 13.4366 15.6866 14.0634 15.3 14.45Z" fill="currentColor" class=""></path></svg></span></div></div></div><div class="_ak8l _ap1_"><div role="group" class="_ak8o"><div class="_ak8q">Archived</div></div></div><div class="_ak8l _ak8m _ap1_"></div></div></button><div tabindex="0" class="" data-tab="4"><div tabindex="-1" class=""><div aria-label="Chat list" class="x1y332i5 x1n2onr6 x6ikm8r x10wlt
2026-03-01 03:22:34,621 [INFO] Found 0 chat(s) with unread messages
2026-03-01 03:22:34,622 [INFO] Incoming check complete. 0 new message(s) detected.
2026-03-01 03:23:04,623 [INFO] Checking for new incoming messages...
2026-03-01 03:23:09,678 [INFO] Login detected via: #pane-side
2026-03-01 03:23:10,937 [INFO] Listen debug screenshot saved: D:\AI_Employee_Vault\Logs\wa_debug_listen.png
2026-03-01 03:23:11,017 [INFO] Chat list HTML (first 2000 chars): <button class="xjb2p0i xk390pu x1heor9g x1ypdohk xjbqb8w x972fbf x10w94by x1qhh985 x14e42zd x1fmog5m xu25z0z x140muxe xo1y3bh xexx8yu xyri2b x18d9i69 x1c1uobl x2lah0s xav9cv8 x4tpdpg x1lziwak x14z9mp xtnn1bt x9v5kkp xmw7ebm xrdum7p" tabindex="0" data-tab="4" aria-disabled="false" type="button" aria-label="Archived "><div class="_ak72 false false false _asiw _ak7_ _ap1- _ap1_"><div class="_ak8n"><div class="_ak8h"><div class="x1c4vz4f xs83m0k xdl72j9 x1g77sc7 x78zum5 xozqiw3 x1oa3qoh x12fk4p8 xeuugli x2lwn1j xl56j7k x1q0g3np x6s0dn4 x1ksvy6g x1009pqg xhslqc4"><span aria-hidden="true" data-icon="archive-refreshed" class=""><svg viewBox="0 0 24 24" height="24" width="24" preserveAspectRatio="xMidYMid meet" class="" fill="none"><title>archive-refreshed</title><path d="M5 8V19H19V8H5ZM5 21C4.45 21 3.97917 20.8042 3.5875 20.4125C3.19583 20.0208 3 19.55 3 19V6.525C3 6.29167 3.0375 6.06667 3.1125 5.85C3.1875 5.63333 3.3 5.43333 3.45 5.25L4.7 3.725C4.88333 3.49167 5.1125 3.3125 5.3875 3.1875C5.6625 3.0625 5.95 3 6.25 3H17.75C18.05 3 18.3375 3.0625 18.6125 3.1875C18.8875 3.3125 19.1167 3.49167 19.3 3.725L20.55 5.25C20.7 5.43333 20.8125 5.63333 20.8875 5.85C20.9625 6.06667 21 6.29167 21 6.525V19C21 19.55 20.8042 20.0208 20.4125 20.4125C20.0208 20.8042 19.55 21 19 21H5ZM5.4 6H18.6L17.75 5H6.25L5.4 6Z" fill="currentColor"></path><path d="M15.3 14.45L12 17.75L8.7 14.45C8.3134 14.0634 8.3134 13.4366 8.7 13.05C9.0866 12.6634 9.7134 12.6634 10.1 13.05L11 13.95V10.75C11 10.1977 11.4477 9.75 12 9.75C12.5523 9.75 13 10.1977 13 10.75V13.95L13.9 13.05C14.2866 12.6634 14.9134 12.6634 15.3 13.05C15.6866 13.4366 15.6866 14.0634 15.3 14.45Z" fill="currentColor" class=""></path></svg></span></div></div></div><div class="_ak8l _ap1_"><div role="group" class="_ak8o"><div class="_ak8q">Archived</div></div></div><div class="_ak8l _ak8m _ap1_"></div></div></button><div tabindex="0" class="" data-tab="4"><div tabindex="-1" class=""><div aria-label="Chat list" class="x1y332i5 x1n2onr6 x6ikm8r x10wlt
2026-03-01 03:23:11,018 [INFO] Found 0 chat(s) with unread messages
2026-03-01 03:23:11,019 [INFO] Incoming check complete. 0 new message(s) detected.
2026-03-01 03:23:41,022 [INFO] Checking for new incoming messages...
2026-03-01 03:23:46,063 [INFO] Login detected via: #pane-side
2026-03-01 03:23:47,320 [INFO] Listen debug screenshot saved: D:\AI_Employee_Vault\Logs\wa_debug_listen.png
2026-03-01 03:23:47,388 [INFO] Chat list HTML (first 2000 chars): <button class="xjb2p0i xk390pu x1heor9g x1ypdohk xjbqb8w x972fbf x10w94by x1qhh985 x14e42zd x1fmog5m xu25z0z x140muxe xo1y3bh xexx8yu xyri2b x18d9i69 x1c1uobl x2lah0s xav9cv8 x4tpdpg x1lziwak x14z9mp xtnn1bt x9v5kkp xmw7ebm xrdum7p" tabindex="0" data-tab="4" aria-disabled="false" type="button" aria-label="Archived "><div class="_ak72 false false false _asiw _ak7_ _ap1- _ap1_"><div class="_ak8n"><div class="_ak8h"><div class="x1c4vz4f xs83m0k xdl72j9 x1g77sc7 x78zum5 xozqiw3 x1oa3qoh x12fk4p8 xeuugli x2lwn1j xl56j7k x1q0g3np x6s0dn4 x1ksvy6g x1009pqg xhslqc4"><span aria-hidden="true" data-icon="archive-refreshed" class=""><svg viewBox="0 0 24 24" height="24" width="24" preserveAspectRatio="xMidYMid meet" class="" fill="none"><title>archive-refreshed</title><path d="M5 8V19H19V8H5ZM5 21C4.45 21 3.97917 20.8042 3.5875 20.4125C3.19583 20.0208 3 19.55 3 19V6.525C3 6.29167 3.0375 6.06667 3.1125 5.85C3.1875 5.63333 3.3 5.43333 3.45 5.25L4.7 3.725C4.88333 3.49167 5.1125 3.3125 5.3875 3.1875C5.6625 3.0625 5.95 3 6.25 3H17.75C18.05 3 18.3375 3.0625 18.6125 3.1875C18.8875 3.3125 19.1167 3.49167 19.3 3.725L20.55 5.25C20.7 5.43333 20.8125 5.63333 20.8875 5.85C20.9625 6.06667 21 6.29167 21 6.525V19C21 19.55 20.8042 20.0208 20.4125 20.4125C20.0208 20.8042 19.55 21 19 21H5ZM5.4 6H18.6L17.75 5H6.25L5.4 6Z" fill="currentColor"></path><path d="M15.3 14.45L12 17.75L8.7 14.45C8.3134 14.0634 8.3134 13.4366 8.7 13.05C9.0866 12.6634 9.7134 12.6634 10.1 13.05L11 13.95V10.75C11 10.1977 11.4477 9.75 12 9.75C12.5523 9.75 13 10.1977 13 10.75V13.95L13.9 13.05C14.2866 12.6634 14.9134 12.6634 15.3 13.05C15.6866 13.4366 15.6866 14.0634 15.3 14.45Z" fill="currentColor" class=""></path></svg></span></div></div></div><div class="_ak8l _ap1_"><div role="group" class="_ak8o"><div class="_ak8q">Archived</div></div></div><div class="_ak8l _ak8m _ap1_"><div class="x1rg5ohu xnnr8r"><span class="x1rg5ohu x1gxa6cn x1j8ymqv xa0aww2 x4tra6z x1pse0pq x16dsc37 xlup9mm x15kz4h8 x2b8uid xt8t1vi x1xc408v x129tdwq x1
2026-03-01 03:23:47,389 [INFO] Found 0 chat(s) with unread messages
2026-03-01 03:23:47,390 [INFO] Incoming check complete. 0 new message(s) detected.
2026-03-01 03:24:17,391 [INFO] Checking for new incoming messages...
2026-03-01 03:24:22,475 [INFO] Login detected via: #pane-side
2026-03-01 03:24:23,733 [INFO] Listen debug screenshot saved: D:\AI_Employee_Vault\Logs\wa_debug_listen.png
2026-03-01 03:24:23,802 [INFO] Chat list HTML (first 2000 chars): <button class="xjb2p0i xk390pu x1heor9g x1ypdohk xjbqb8w x972fbf x10w94by x1qhh985 x14e42zd x1fmog5m xu25z0z x140muxe xo1y3bh xexx8yu xyri2b x18d9i69 x1c1uobl x2lah0s xav9cv8 x4tpdpg x1lziwak x14z9mp xtnn1bt x9v5kkp xmw7ebm xrdum7p" tabindex="0" data-tab="4" aria-disabled="false" type="button" aria-label="Archived "><div class="_ak72 false false false _asiw _ak7_ _ap1- _ap1_"><div class="_ak8n"><div class="_ak8h"><div class="x1c4vz4f xs83m0k xdl72j9 x1g77sc7 x78zum5 xozqiw3 x1oa3qoh x12fk4p8 xeuugli x2lwn1j xl56j7k x1q0g3np x6s0dn4 x1ksvy6g x1009pqg xhslqc4"><span aria-hidden="true" data-icon="archive-refreshed" class=""><svg viewBox="0 0 24 24" height="24" width="24" preserveAspectRatio="xMidYMid meet" class="" fill="none"><title>archive-refreshed</title><path d="M5 8V19H19V8H5ZM5 21C4.45 21 3.97917 20.8042 3.5875 20.4125C3.19583 20.0208 3 19.55 3 19V6.525C3 6.29167 3.0375 6.06667 3.1125 5.85C3.1875 5.63333 3.3 5.43333 3.45 5.25L4.7 3.725C4.88333 3.49167 5.1125 3.3125 5.3875 3.1875C5.6625 3.0625 5.95 3 6.25 3H17.75C18.05 3 18.3375 3.0625 18.6125 3.1875C18.8875 3.3125 19.1167 3.49167 19.3 3.725L20.55 5.25C20.7 5.43333 20.8125 5.63333 20.8875 5.85C20.9625 6.06667 21 6.29167 21 6.525V19C21 19.55 20.8042 20.0208 20.4125 20.4125C20.0208 20.8042 19.55 21 19 21H5ZM5.4 6H18.6L17.75 5H6.25L5.4 6Z" fill="currentColor"></path><path d="M15.3 14.45L12 17.75L8.7 14.45C8.3134 14.0634 8.3134 13.4366 8.7 13.05C9.0866 12.6634 9.7134 12.6634 10.1 13.05L11 13.95V10.75C11 10.1977 11.4477 9.75 12 9.75C12.5523 9.75 13 10.1977 13 10.75V13.95L13.9 13.05C14.2866 12.6634 14.9134 12.6634 15.3 13.05C15.6866 13.4366 15.6866 14.0634 15.3 14.45Z" fill="currentColor" class=""></path></svg></span></div></div></div><div class="_ak8l _ap1_"><div role="group" class="_ak8o"><div class="_ak8q">Archived</div></div></div><div class="_ak8l _ak8m _ap1_"><div class="x1rg5ohu xnnr8r"><span class="x1rg5ohu x1gxa6cn x1j8ymqv xa0aww2 x4tra6z x1pse0pq x16dsc37 xlup9mm x15kz4h8 x2b8uid xt8t1vi x1xc408v x129tdwq x1
2026-03-01 03:24:23,803 [INFO] Found 0 chat(s) with unread messages
2026-03-01 03:24:23,804 [INFO] Incoming check complete. 0 new message(s) detected.
2026-03-01 03:24:53,804 [INFO] Checking for new incoming messages...
2026-03-01 03:24:59,282 [INFO] Login detected via: #pane-side
2026-03-01 03:25:01,238 [INFO] Listen debug screenshot saved: D:\AI_Employee_Vault\Logs\wa_debug_listen.png
2026-03-01 03:25:01,291 [INFO] Chat list HTML (first 2000 chars): <button class="xjb2p0i xk390pu x1heor9g x1ypdohk xjbqb8w x972fbf x10w94by x1qhh985 x14e42zd x1fmog5m xu25z0z x140muxe xo1y3bh xexx8yu xyri2b x18d9i69 x1c1uobl x2lah0s xav9cv8 x4tpdpg x1lziwak x14z9mp xtnn1bt x9v5kkp xmw7ebm xrdum7p" tabindex="0" data-tab="4" aria-disabled="false" type="button" aria-label="Archived "><div class="_ak72 false false false _asiw _ak7_ _ap1- _ap1_"><div class="_ak8n"><div class="_ak8h"><div class="x1c4vz4f xs83m0k xdl72j9 x1g77sc7 x78zum5 xozqiw3 x1oa3qoh x12fk4p8 xeuugli x2lwn1j xl56j7k x1q0g3np x6s0dn4 x1ksvy6g x1009pqg xhslqc4"><span aria-hidden="true" data-icon="archive-refreshed" class=""><svg viewBox="0 0 24 24" height="24" width="24" preserveAspectRatio="xMidYMid meet" class="" fill="none"><title>archive-refreshed</title><path d="M5 8V19H19V8H5ZM5 21C4.45 21 3.97917 20.8042 3.5875 20.4125C3.19583 20.0208 3 19.55 3 19V6.525C3 6.29167 3.0375 6.06667 3.1125 5.85C3.1875 5.63333 3.3 5.43333 3.45 5.25L4.7 3.725C4.88333 3.49167 5.1125 3.3125 5.3875 3.1875C5.6625 3.0625 5.95 3 6.25 3H17.75C18.05 3 18.3375 3.0625 18.6125 3.1875C18.8875 3.3125 19.1167 3.49167 19.3 3.725L20.55 5.25C20.7 5.43333 20.8125 5.63333 20.8875 5.85C20.9625 6.06667 21 6.29167 21 6.525V19C21 19.55 20.8042 20.0208 20.4125 20.4125C20.0208 20.8042 19.55 21 19 21H5ZM5.4 6H18.6L17.75 5H6.25L5.4 6Z" fill="currentColor"></path><path d="M15.3 14.45L12 17.75L8.7 14.45C8.3134 14.0634 8.3134 13.4366 8.7 13.05C9.0866 12.6634 9.7134 12.6634 10.1 13.05L11 13.95V10.75C11 10.1977 11.4477 9.75 12 9.75C12.5523 9.75 13 10.1977 13 10.75V13.95L13.9 13.05C14.2866 12.6634 14.9134 12.6634 15.3 13.05C15.6866 13.4366 15.6866 14.0634 15.3 14.45Z" fill="currentColor" class=""></path></svg></span></div></div></div><div class="_ak8l _ap1_"><div role="group" class="_ak8o"><div class="_ak8q">Archived</div></div></div><div class="_ak8l _ak8m _ap1_"></div></div></button><div tabindex="0" class="" data-tab="4"><div tabindex="-1" class=""><div aria-label="Chat list" class="x1y332i5 x1n2onr6 x6ikm8r x10wlt
2026-03-01 03:25:01,292 [INFO] Found 0 chat(s) with unread messages
2026-03-01 03:25:01,293 [INFO] Incoming check complete. 0 new message(s) detected.
2026-03-01 03:25:31,293 [INFO] Checking for new incoming messages...
2026-03-01 03:25:36,372 [INFO] Login detected via: #pane-side
2026-03-01 03:25:37,635 [INFO] Listen debug screenshot saved: D:\AI_Employee_Vault\Logs\wa_debug_listen.png
2026-03-01 03:25:37,696 [INFO] Chat list HTML (first 2000 chars): <button class="xjb2p0i xk390pu x1heor9g x1ypdohk xjbqb8w x972fbf x10w94by x1qhh985 x14e42zd x1fmog5m xu25z0z x140muxe xo1y3bh xexx8yu xyri2b x18d9i69 x1c1uobl x2lah0s xav9cv8 x4tpdpg x1lziwak x14z9mp xtnn1bt x9v5kkp xmw7ebm xrdum7p" tabindex="0" data-tab="4" aria-disabled="false" type="button" aria-label="Archived "><div class="_ak72 false false false _asiw _ak7_ _ap1- _ap1_"><div class="_ak8n"><div class="_ak8h"><div class="x1c4vz4f xs83m0k xdl72j9 x1g77sc7 x78zum5 xozqiw3 x1oa3qoh x12fk4p8 xeuugli x2lwn1j xl56j7k x1q0g3np x6s0dn4 x1ksvy6g x1009pqg xhslqc4"><span aria-hidden="true" data-icon="archive-refreshed" class=""><svg viewBox="0 0 24 24" height="24" width="24" preserveAspectRatio="xMidYMid meet" class="" fill="none"><title>archive-refreshed</title><path d="M5 8V19H19V8H5ZM5 21C4.45 21 3.97917 20.8042 3.5875 20.4125C3.19583 20.0208 3 19.55 3 19V6.525C3 6.29167 3.0375 6.06667 3.1125 5.85C3.1875 5.63333 3.3 5.43333 3.45 5.25L4.7 3.725C4.88333 3.49167 5.1125 3.3125 5.3875 3.1875C5.6625 3.0625 5.95 3 6.25 3H17.75C18.05 3 18.3375 3.0625 18.6125 3.1875C18.8875 3.3125 19.1167 3.49167 19.3 3.725L20.55 5.25C20.7 5.43333 20.8125 5.63333 20.8875 5.85C20.9625 6.06667 21 6.29167 21 6.525V19C21 19.55 20.8042 20.0208 20.4125 20.4125C20.0208 20.8042 19.55 21 19 21H5ZM5.4 6H18.6L17.75 5H6.25L5.4 6Z" fill="currentColor"></path><path d="M15.3 14.45L12 17.75L8.7 14.45C8.3134 14.0634 8.3134 13.4366 8.7 13.05C9.0866 12.6634 9.7134 12.6634 10.1 13.05L11 13.95V10.75C11 10.1977 11.4477 9.75 12 9.75C12.5523 9.75 13 10.1977 13 10.75V13.95L13.9 13.05C14.2866 12.6634 14.9134 12.6634 15.3 13.05C15.6866 13.4366 15.6866 14.0634 15.3 14.45Z" fill="currentColor" class=""></path></svg></span></div></div></div><div class="_ak8l _ap1_"><div role="group" class="_ak8o"><div class="_ak8q">Archived</div></div></div><div class="_ak8l _ak8m _ap1_"></div></div></button><div tabindex="0" class="" data-tab="4"><div tabindex="-1" class=""><div aria-label="Chat list" class="x1y332i5 x1n2onr6 x6ikm8r x10wlt
2026-03-01 03:25:37,696 [INFO] Found 0 chat(s) with unread messages
2026-03-01 03:25:37,697 [INFO] Incoming check complete. 0 new message(s) detected.
2026-03-01 03:26:07,698 [INFO] Checking for new incoming messages...
2026-03-01 03:26:12,770 [INFO] Login detected via: #pane-side
2026-03-01 03:26:14,018 [INFO] Listen debug screenshot saved: D:\AI_Employee_Vault\Logs\wa_debug_listen.png
2026-03-01 03:26:14,073 [INFO] Chat list HTML (first 2000 chars): <button class="xjb2p0i xk390pu x1heor9g x1ypdohk xjbqb8w x972fbf x10w94by x1qhh985 x14e42zd x1fmog5m xu25z0z x140muxe xo1y3bh xexx8yu xyri2b x18d9i69 x1c1uobl x2lah0s xav9cv8 x4tpdpg x1lziwak x14z9mp xtnn1bt x9v5kkp xmw7ebm xrdum7p" tabindex="0" data-tab="4" aria-disabled="false" type="button" aria-label="Archived "><div class="_ak72 false false false _asiw _ak7_ _ap1- _ap1_"><div class="_ak8n"><div class="_ak8h"><div class="x1c4vz4f xs83m0k xdl72j9 x1g77sc7 x78zum5 xozqiw3 x1oa3qoh x12fk4p8 xeuugli x2lwn1j xl56j7k x1q0g3np x6s0dn4 x1ksvy6g x1009pqg xhslqc4"><span aria-hidden="true" data-icon="archive-refreshed" class=""><svg viewBox="0 0 24 24" height="24" width="24" preserveAspectRatio="xMidYMid meet" class="" fill="none"><title>archive-refreshed</title><path d="M5 8V19H19V8H5ZM5 21C4.45 21 3.97917 20.8042 3.5875 20.4125C3.19583 20.0208 3 19.55 3 19V6.525C3 6.29167 3.0375 6.06667 3.1125 5.85C3.1875 5.63333 3.3 5.43333 3.45 5.25L4.7 3.725C4.88333 3.49167 5.1125 3.3125 5.3875 3.1875C5.6625 3.0625 5.95 3 6.25 3H17.75C18.05 3 18.3375 3.0625 18.6125 3.1875C18.8875 3.3125 19.1167 3.49167 19.3 3.725L20.55 5.25C20.7 5.43333 20.8125 5.63333 20.8875 5.85C20.9625 6.06667 21 6.29167 21 6.525V19C21 19.55 20.8042 20.0208 20.4125 20.4125C20.0208 20.8042 19.55 21 19 21H5ZM5.4 6H18.6L17.75 5H6.25L5.4 6Z" fill="currentColor"></path><path d="M15.3 14.45L12 17.75L8.7 14.45C8.3134 14.0634 8.3134 13.4366 8.7 13.05C9.0866 12.6634 9.7134 12.6634 10.1 13.05L11 13.95V10.75C11 10.1977 11.4477 9.75 12 9.75C12.5523 9.75 13 10.1977 13 10.75V13.95L13.9 13.05C14.2866 12.6634 14.9134 12.6634 15.3 13.05C15.6866 13.4366 15.6866 14.0634 15.3 14.45Z" fill="currentColor" class=""></path></svg></span></div></div></div><div class="_ak8l _ap1_"><div role="group" class="_ak8o"><div class="_ak8q">Archived</div></div></div><div class="_ak8l _ak8m _ap1_"></div></div></button><div tabindex="0" class="" data-tab="4"><div tabindex="-1" class=""><div aria-label="Chat list" class="x1y332i5 x1n2onr6 x6ikm8r x10wlt
2026-03-01 03:26:14,073 [INFO] Found 0 chat(s) with unread messages
2026-03-01 03:26:14,074 [INFO] Incoming check complete. 0 new message(s) detected.
2026-03-01 03:26:44,075 [INFO] Checking for new incoming messages...
2026-03-01 03:26:49,147 [INFO] Login detected via: #pane-side
2026-03-01 03:26:50,452 [INFO] Listen debug screenshot saved: D:\AI_Employee_Vault\Logs\wa_debug_listen.png
2026-03-01 03:26:50,495 [INFO] Chat list HTML (first 2000 chars): <button class="xjb2p0i xk390pu x1heor9g x1ypdohk xjbqb8w x972fbf x10w94by x1qhh985 x14e42zd x1fmog5m xu25z0z x140muxe xo1y3bh xexx8yu xyri2b x18d9i69 x1c1uobl x2lah0s xav9cv8 x4tpdpg x1lziwak x14z9mp xtnn1bt x9v5kkp xmw7ebm xrdum7p" tabindex="0" data-tab="4" aria-disabled="false" type="button" aria-label="Archived "><div class="_ak72 false false false _asiw _ak7_ _ap1- _ap1_"><div class="_ak8n"><div class="_ak8h"><div class="x1c4vz4f xs83m0k xdl72j9 x1g77sc7 x78zum5 xozqiw3 x1oa3qoh x12fk4p8 xeuugli x2lwn1j xl56j7k x1q0g3np x6s0dn4 x1ksvy6g x1009pqg xhslqc4"><span aria-hidden="true" data-icon="archive-refreshed" class=""><svg viewBox="0 0 24 24" height="24" width="24" preserveAspectRatio="xMidYMid meet" class="" fill="none"><title>archive-refreshed</title><path d="M5 8V19H19V8H5ZM5 21C4.45 21 3.97917 20.8042 3.5875 20.4125C3.19583 20.0208 3 19.55 3 19V6.525C3 6.29167 3.0375 6.06667 3.1125 5.85C3.1875 5.63333 3.3 5.43333 3.45 5.25L4.7 3.725C4.88333 3.49167 5.1125 3.3125 5.3875 3.1875C5.6625 3.0625 5.95 3 6.25 3H17.75C18.05 3 18.3375 3.0625 18.6125 3.1875C18.8875 3.3125 19.1167 3.49167 19.3 3.725L20.55 5.25C20.7 5.43333 20.8125 5.63333 20.8875 5.85C20.9625 6.06667 21 6.29167 21 6.525V19C21 19.55 20.8042 20.0208 20.4125 20.4125C20.0208 20.8042 19.55 21 19 21H5ZM5.4 6H18.6L17.75 5H6.25L5.4 6Z" fill="currentColor"></path><path d="M15.3 14.45L12 17.75L8.7 14.45C8.3134 14.0634 8.3134 13.4366 8.7 13.05C9.0866 12.6634 9.7134 12.6634 10.1 13.05L11 13.95V10.75C11 10.1977 11.4477 9.75 12 9.75C12.5523 9.75 13 10.1977 13 10.75V13.95L13.9 13.05C14.2866 12.6634 14.9134 12.6634 15.3 13.05C15.6866 13.4366 15.6866 14.0634 15.3 14.45Z" fill="currentColor" class=""></path></svg></span></div></div></div><div class="_ak8l _ap1_"><div role="group" class="_ak8o"><div class="_ak8q">Archived</div></div></div><div class="_ak8l _ak8m _ap1_"></div></div></button><div tabindex="0" class="" data-tab="4"><div tabindex="-1" class=""><div aria-label="Chat list" class="x1y332i5 x1n2onr6 x6ikm8r x10wlt
2026-03-01 03:26:50,495 [INFO] Found 0 chat(s) with unread messages
2026-03-01 03:26:50,496 [INFO] Incoming check complete. 0 new message(s) detected.
