2026-04-27 15:59:10,295  INFO     Browser opened with persistent profile.
2026-04-27 16:00:28,870  INFO     Sending to: 03278448829
2026-04-27 16:00:28,871  INFO     Opening chat via URL: phone=923278448829
2026-04-27 16:00:52,317  INFO     Chat opened for 923278448829
2026-04-27 16:00:52,438  INFO     Compose box found: [data-testid="conversation-compose-box-input"]
2026-04-27 16:01:04,564  INFO     Send clicked: button[aria-label="Send"]
2026-04-27 16:01:04,564  INFO     Waiting for message delivery...
2026-04-27 16:01:07,579  INFO     Message delivered (compose box empty).
2026-04-27 16:01:12,584  INFO     Message sent to 03278448829
2026-04-27 16:01:19,663  INFO     Browser closed. Profile saved.
2026-04-27 16:21:38,713  INFO     Browser opened with persistent profile.
2026-04-27 16:21:58,167  INFO     Sending to: 03278448829
2026-04-27 16:21:58,168  INFO     Opening chat via URL: phone=923278448829
2026-04-27 16:22:19,056  INFO     Chat opened for 923278448829
2026-04-27 16:22:19,136  INFO     Compose box found: [data-testid="conversation-compose-box-input"]
2026-04-27 16:22:38,586  INFO     Send clicked: button[aria-label="Send"]
2026-04-27 16:22:38,586  INFO     Waiting for message delivery...
2026-04-27 16:22:43,686  INFO     Message delivered (compose box empty).
2026-04-27 16:22:48,703  INFO     Message sent to 03278448829
2026-04-27 16:22:50,386  INFO     Browser closed. Profile saved.
2026-04-27 16:25:39,514  INFO     Browser opened with persistent profile.
2026-04-27 16:26:12,868  INFO     Sending to: 03278448829
2026-04-27 16:26:12,869  INFO     Opening chat via URL: phone=923278448829
2026-04-27 16:26:33,225  INFO     Chat opened for 923278448829
2026-04-27 16:26:33,311  INFO     Compose box found: [data-testid="conversation-compose-box-input"]
2026-04-27 16:26:56,117  INFO     Send clicked: button[aria-label="Send"]
2026-04-27 16:26:56,117  INFO     Waiting for message delivery...
2026-04-27 16:27:01,161  INFO     Message delivered (compose box empty).
2026-04-27 16:27:06,181  INFO     Message sent to 03278448829
2026-04-27 16:27:09,332  INFO     Browser closed. Profile saved.
