2026-03-02 00:43:23,720  ERROR    GROQ_API_KEY not set! Add it to .env: GROQ_API_KEY=gsk_...
2026-03-02 01:19:41,592  INFO     Browser opened with persistent profile.
2026-03-02 01:19:49,968  INFO     Waiting for login... 5/40s
2026-03-02 01:19:55,403  INFO     Logged in from saved profile.
2026-03-02 01:19:55,508  INFO     WhatsApp ready.
2026-03-02 01:19:55,509  INFO     Mode: send | Polling every 30s
2026-03-02 01:19:55,511  INFO     Sending to: 03232360891
2026-03-02 01:20:37,121  ERROR    Compose box NOT found. Editable elements:
0: tag=DIV tab=3 role=textbox title=null class=x1hx0egp x6ikm8r x1odjw0f x6prxxf x1k6rcq7 x1whj5v
1: tag=DIV tab=10 role=textbox title=null class=x1hx0egp x6ikm8r x1odjw0f x1k6rcq7 x6prxxf
2026-03-02 01:20:37,125  ERROR    Error sending to 03232360891: Could not find compose box
2026-03-02 01:20:37,128  INFO     Archived → Done/wa_20260302_012037_whatsapp_send_20260301_200700.md
2026-03-02 01:25:37,290  INFO     Sending to: 03232360891
2026-03-02 01:26:19,487  ERROR    Compose box NOT found. Editable elements:

2026-03-02 01:26:19,489  ERROR    Error sending to 03232360891: Could not find compose box
2026-03-02 01:26:19,500  INFO     Archived → Done/wa_20260302_012619_whatsapp_send_20260302_004500.md
2026-03-02 01:34:27,162  INFO     Stopped by user.
2026-03-02 01:34:28,090  ERROR    Task was destroyed but it is pending!
task: <Task pending name='Task-34' coro=<BrowserContext.close() done, defined at C:\Users\SHAYAN\AppData\Local\Programs\Python\Python314\Lib\site-packages\playwright\_impl\_browser_context.py:584> wait_for=<Future pending cb=[Task.task_wakeup()]> cb=[SyncBase._sync.<locals>.<lambda>() at C:\Users\SHAYAN\AppData\Local\Programs\Python\Python314\Lib\site-packages\playwright\_impl\_sync_base.py:111, ProtocolCallback.__init__.<locals>.cb() at C:\Users\SHAYAN\AppData\Local\Programs\Python\Python314\Lib\site-packages\playwright\_impl\_connection.py:230]>
2026-03-02 01:34:35,065  INFO     Browser opened with persistent profile.
2026-03-02 01:34:43,945  INFO     Waiting for login... 5/40s
2026-03-02 01:34:49,096  INFO     Logged in from saved profile.
2026-03-02 01:34:49,107  INFO     WhatsApp ready.
2026-03-02 01:34:49,118  INFO     Mode: send | Polling every 30s
2026-03-02 01:40:19,169  INFO     Sending to: 03232360891
2026-03-02 01:40:19,194  INFO     Opening chat via URL: phone=923232360891
2026-03-02 01:40:34,250  INFO     Chat opened for 923232360891
2026-03-02 01:40:39,343  INFO     Compose box found: div[contenteditable="true"][data-tab="10"]
2026-03-02 01:40:47,073  INFO     Send clicked: button[aria-label="Send"]
2026-03-02 01:40:49,157  INFO     Message sent to 03232360891
2026-03-02 01:40:49,162  INFO     Archived → Done/wa_20260302_014049_whatsapp_send_20260302_005000.md
2026-03-02 01:40:49,162  INFO     Sent 1 outgoing message(s).
2026-03-02 01:41:49,168  INFO     Sending to: 03278448829
2026-03-02 01:41:49,169  INFO     Opening chat via URL: phone=923278448829
2026-03-02 01:41:59,680  INFO     Chat opened for 923278448829
2026-03-02 01:42:04,720  INFO     Compose box found: div[contenteditable="true"][data-tab="10"]
2026-03-02 01:42:11,479  INFO     Send clicked: button[aria-label="Send"]
2026-03-02 01:42:13,490  INFO     Message sent to 03278448829
2026-03-02 01:42:13,500  INFO     Archived → Done/wa_20260302_014213_whatsapp_send_20260302_005100.md
2026-03-02 01:42:13,502  INFO     Sent 1 outgoing message(s).
2026-03-02 01:51:43,569  INFO     Sending to: 03487765136
2026-03-02 01:51:43,577  INFO     Opening chat via URL: phone=923487765136
2026-03-02 01:51:54,393  INFO     Chat opened for 923487765136
2026-03-02 01:51:59,423  INFO     Compose box found: div[contenteditable="true"][data-tab="10"]
2026-03-02 01:52:06,286  INFO     Send clicked: button[aria-label="Send"]
2026-03-02 01:52:08,304  INFO     Message sent to 03487765136
2026-03-02 01:52:08,310  INFO     Archived → Done/wa_20260302_015208_whatsapp_send_20260302_020000.md
2026-03-02 01:52:08,314  INFO     Sent 1 outgoing message(s).
2026-03-02 02:02:08,344  INFO     Sending to: +92 347 4830544
2026-03-02 02:02:08,350  INFO     Opening chat via URL: phone=923474830544
2026-03-02 02:02:21,791  INFO     Chat opened for 923474830544
2026-03-02 02:02:26,892  INFO     Compose box found: div[contenteditable="true"][data-tab="10"]
2026-03-02 02:02:33,574  INFO     Send clicked: button[aria-label="Send"]
2026-03-02 02:02:35,592  INFO     Message sent to +92 347 4830544
2026-03-02 02:02:37,064  INFO     Browser closed. Profile saved.
