2026-04-16 03:26:19,243  INFO     Browser opened with persistent profile.
2026-04-16 03:29:55,145  INFO     Browser closed. Profile saved.
2026-04-16 16:22:30,522  INFO     Browser opened with persistent profile.
2026-04-16 16:22:38,701  INFO     Waiting for login... 5/40s
2026-04-16 16:22:44,160  INFO     Waiting for login... 10/40s
2026-04-16 16:22:49,241  INFO     Waiting for login... 15/40s
2026-04-16 16:22:54,359  INFO     Waiting for login... 20/40s
2026-04-16 16:22:59,444  INFO     Waiting for login... 25/40s
2026-04-16 16:23:04,490  INFO     Waiting for login... 30/40s
2026-04-16 16:23:09,742  INFO     Waiting for login... 35/40s
2026-04-16 16:23:14,944  INFO     Waiting for login... 40/40s
2026-04-16 16:23:14,945  ERROR    Login not detected within 40s.
2026-04-16 16:23:15,868  ERROR    Not logged in. Run: python whatsapp_playwright.py --setup
2026-04-16 16:23:17,527  INFO     Browser closed. Profile saved.
2026-04-16 16:36:48,595  INFO     Browser opened with persistent profile.
2026-04-16 16:36:55,650  INFO     Waiting for login... 5/120s
2026-04-16 16:37:00,889  INFO     Waiting for login... 10/120s
2026-04-16 16:37:05,921  INFO     Waiting for login... 15/120s
2026-04-16 16:37:10,958  INFO     Waiting for login... 20/120s
2026-04-16 16:37:16,077  INFO     Waiting for login... 25/120s
2026-04-16 16:37:21,125  INFO     Waiting for login... 30/120s
2026-04-16 16:37:26,170  INFO     Waiting for login... 35/120s
2026-04-16 16:37:31,404  INFO     Waiting for login... 40/120s
2026-04-16 16:37:38,633  INFO     Waiting for login... 45/120s
2026-04-16 16:37:43,796  INFO     Waiting for login... 50/120s
2026-04-16 16:37:48,829  INFO     Waiting for login... 55/120s
2026-04-16 16:37:53,868  INFO     Waiting for login... 60/120s
2026-04-16 16:37:58,944  INFO     Waiting for login... 65/120s
2026-04-16 16:38:04,030  INFO     Waiting for login... 70/120s
2026-04-16 16:38:09,365  INFO     Waiting for login... 75/120s
2026-04-16 16:38:18,681  INFO     Waiting for login... 80/120s
2026-04-16 16:38:23,822  INFO     Waiting for login... 85/120s
2026-04-16 16:38:28,914  INFO     Waiting for login... 90/120s
2026-04-16 16:38:36,553  INFO     Waiting for login... 95/120s
2026-04-16 16:38:41,603  INFO     Waiting for login... 100/120s
2026-04-16 16:38:46,871  INFO     Waiting for login... 105/120s
2026-04-16 16:38:56,924  INFO     Waiting for login... 110/120s
2026-04-16 16:39:02,053  INFO     Waiting for login... 115/120s
2026-04-16 16:39:07,268  INFO     Waiting for login... 120/120s
2026-04-16 16:39:07,268  ERROR    Login not detected within 120s.
2026-04-16 16:39:07,816  ERROR    Not logged in. Run: python whatsapp_playwright.py --setup
2026-04-16 16:39:11,874  INFO     Browser closed. Profile saved.
2026-04-16 16:44:45,938  INFO     Browser opened with persistent profile.
2026-04-16 16:44:54,291  INFO     Waiting for login... 5/300s
2026-04-16 16:44:59,748  INFO     Waiting for login... 10/300s
2026-04-16 16:45:04,853  INFO     Waiting for login... 15/300s
2026-04-16 16:45:09,991  INFO     Waiting for login... 20/300s
2026-04-16 16:45:15,038  INFO     Waiting for login... 25/300s
2026-04-16 16:45:20,106  INFO     Waiting for login... 30/300s
2026-04-16 16:45:27,377  INFO     Waiting for login... 35/300s
2026-04-16 16:45:32,485  INFO     Waiting for login... 40/300s
2026-04-16 16:45:37,999  INFO     Waiting for login... 45/300s
2026-04-16 16:45:44,735  INFO     Waiting for login... 50/300s
2026-04-16 16:45:50,117  INFO     Waiting for login... 55/300s
2026-04-16 16:45:55,486  INFO     Logged in from saved profile.
2026-04-16 16:45:55,486  INFO     WhatsApp ready.
2026-04-16 16:45:55,486  INFO     Mode: send | Polling every 30s
2026-04-16 16:45:55,488  INFO     Sending to: 03278448829
2026-04-16 16:45:55,489  INFO     Opening chat via URL: phone=923278448829
2026-04-16 16:46:12,117  INFO     Chat opened for 923278448829
2026-04-16 16:46:19,943  INFO     Compose box found: div[contenteditable="true"][data-tab="10"]
2026-04-16 16:46:26,607  INFO     Send clicked: button[aria-label="Send"]
2026-04-16 16:46:26,607  INFO     Waiting for message delivery...
2026-04-16 16:46:30,147  INFO     Message delivered (compose box empty).
2026-04-16 16:46:35,164  INFO     Message sent to 03278448829
2026-04-16 16:46:35,167  INFO     Archived → Done/wa_20260416_164635_whatsapp_hi_03278448829.md
2026-04-16 16:46:35,168  INFO     Sent 1 outgoing message(s).
