2026-03-24 09:01:15,910  INFO     Sending to: 03232360891
2026-03-24 09:01:15,911  INFO     Opening chat via URL: phone=923232360891
2026-03-24 09:01:15,911  ERROR    Error sending to 03232360891: 'NoneType' object has no attribute 'goto'
2026-03-24 09:01:15,911  INFO     Browser closed. Profile saved.
2026-03-24 09:01:50,708  INFO     Browser opened with persistent profile.
2026-03-24 09:01:55,711  INFO     Sending to: 03232360891
2026-03-24 09:01:55,713  INFO     Opening chat via URL: phone=923232360891
2026-03-24 09:02:27,232  WARNING  Compose box not found, trying anyway...
2026-03-24 09:03:02,333  ERROR    Compose box NOT found. Editable elements:

2026-03-24 09:03:02,334  ERROR    Error sending to 03232360891: Could not find compose box
2026-03-24 09:03:03,212  INFO     Browser closed. Profile saved.
2026-03-24 09:03:45,770  INFO     Browser opened with persistent profile.
2026-03-24 09:06:43,793  INFO     Browser opened with persistent profile.
2026-03-24 09:06:53,200  INFO     >>> Scan the QR code on screen (3 min timeout) <<<
2026-03-24 09:07:30,581  INFO     Still waiting for QR... 30s
2026-03-24 09:08:02,327  INFO     Still waiting for QR... 60s
2026-03-24 09:08:33,106  INFO     Still waiting for QR... 90s
2026-03-24 09:09:12,475  INFO     Still waiting for QR... 120s
2026-03-24 09:09:50,637  INFO     Still waiting for QR... 150s
2026-03-24 09:10:23,558  ERROR    QR scan timed out.
2026-03-24 09:10:27,944  INFO     Browser closed. Profile saved.
2026-03-24 09:21:01,384  INFO     Browser opened with persistent profile.
2026-03-24 09:21:10,591  INFO     >>> Scan the QR code on screen (10 min timeout) <<<
2026-03-24 09:21:45,932  INFO     Still waiting for QR... 30s
2026-03-24 09:22:18,988  INFO     Still waiting for QR... 60s
2026-03-24 09:22:54,239  INFO     Still waiting for QR... 90s
2026-03-24 09:23:33,585  INFO     Still waiting for QR... 120s
2026-03-24 09:24:14,565  INFO     Still waiting for QR... 150s
2026-03-24 09:24:58,575  INFO     Still waiting for QR... 180s
2026-03-24 09:25:40,683  INFO     Still waiting for QR... 210s
2026-03-24 09:26:34,873  INFO     Still waiting for QR... 240s
2026-03-24 09:27:17,371  INFO     Still waiting for QR... 270s
2026-03-24 09:28:04,009  INFO     Still waiting for QR... 300s
2026-03-24 09:28:55,556  INFO     Still waiting for QR... 330s
2026-03-24 09:29:37,075  INFO     Still waiting for QR... 360s
2026-03-24 09:29:45,413  INFO     QR scanned! Session saved in browser profile.
2026-03-24 09:29:45,413  INFO     Sending to: 03232360891
2026-03-24 09:29:45,415  INFO     Opening chat via URL: phone=923232360891
2026-03-24 09:30:08,221  INFO     Chat opened for 923232360891
2026-03-24 09:30:13,345  INFO     Compose box found: div[contenteditable="true"][data-tab="10"]
2026-03-24 09:30:21,559  INFO     Send clicked: button[aria-label="Send"]
2026-03-24 09:30:21,560  INFO     Waiting for message delivery...
2026-03-24 09:30:24,607  INFO     Message delivered (compose box empty).
2026-03-24 09:30:29,620  INFO     Message sent to 03232360891
2026-03-24 09:30:30,855  INFO     Browser closed. Profile saved.
